
> @hex-di/graph@0.1.0 test /Users/mohammadalmechkor/Projects/hex-di/packages/graph
> vitest run

[33mTesting types with tsc and vue-tsc is an experimental feature.
Breaking changes might not follow SemVer, please pin Vitest's version when using it.[39m

[1m[46m RUN [49m[22m [36mv4.0.16 [39m[90m/Users/mohammadalmechkor/Projects/hex-di/packages/graph[39m

 [32m✓[39m tests/exports.test.ts [2m([22m[2m4 tests[22m[2m)[22m[32m 2[2mms[22m[39m
 [32m✓[39m tests/create-adapter.test.ts [2m([22m[2m7 tests[22m[2m)[22m[32m 3[2mms[22m[39m
 [32m✓[39m tests/graph-builder.test.ts [2m([22m[2m19 tests[22m[2m)[22m[32m 4[2mms[22m[39m
 [32m✓[39m tests/build.test.ts [2m([22m[2m17 tests[22m[2m)[22m[32m 5[2mms[22m[39m
 [32m✓[39m tests/integration.test.ts [2m([22m[2m16 tests[22m[2m)[22m[32m 5[2mms[22m[39m
 [31m❯[39m [44m[1m TS [22m[49m tests/build.test-d.ts [2m([22m[2m28 tests[22m[2m | [22m[31m1 failed[39m[2m)[22m
     [32m✓[39m builds successfully when no dependencies required
     [32m✓[39m builds successfully when all dependencies provided
     [32m✓[39m builds successfully with complex dependency chain
     [32m✓[39m order of provide() does not affect build success
     [32m✓[39m requires error argument when single dependency missing
     [32m✓[39m requires error argument when multiple dependencies missing
     [32m✓[39m requires error argument when some but not all deps provided
     [32m✓[39m error argument has __errorBrand for discrimination
     [32m✓[39m error __message includes single missing port name
     [32m✓[39m error __message includes multiple missing port names
     [32m✓[39m error __message has correct prefix format
     [32m✓[39m error carries __missing property with missing ports
     [32m✓[39m empty builder builds to Graph<never>
     [32m✓[39m empty graph is not an error type
     [32m✓[39m empty graph has adapters property
     [32m✓[39m empty graph has __provides tracking type
     [32m✓[39m Graph has TProvides matching provided ports
     [32m✓[39m Graph __provides property tracks provided ports union
     [32m✓[39m Graph adapters array is readonly
     [32m✓[39m Graph type is distinct from error type
     [32m✓[39m Graph adapters array type is readonly
     [32m✓[39m Graph __provides is tracked correctly
     [32m✓[39m Graph structure is readonly
     [32m✓[39m graph adapters array has correct element type
     [32m✓[39m graph carries information about all provided ports
     [32m✓[39m build() parameter type shows error information when deps missing
[31m     [31m×[31m builder type before build() does not show error[39m
     [32m✓[39m error is contained in parameter type, causing compile error on call
 [31m❯[39m [44m[1m TS [22m[49m tests/duplicate-detection.test-d.ts [2m([22m[2m11 tests[22m[2m | [22m[31m3 failed[39m[2m)[22m
     [32m✓[39m returns true when ports overlap
     [32m✓[39m returns false when ports are different
     [32m✓[39m returns true when there is partial overlap in unions
     [32m✓[39m returns false when unions have no overlap
     [32m✓[39m returns false when either type is never
     [32m✓[39m providing same port twice produces error type
     [32m✓[39m error message includes duplicated port name
[31m     [31m×[31m different ports with same interface are allowed[39m
[31m     [31m×[31m first provide() succeeds, second triggers error[39m
     [32m✓[39m detection works across multiple provide() chains
[31m     [31m×[31m non-overlapping ports are allowed in any order[39m
 [31m❯[39m [44m[1m TS [22m[49m tests/error-messages.test-d.ts [2m([22m[2m20 tests[22m[2m | [22m[31m1 failed[39m[2m)[22m
     [32m✓[39m extracts single port name from single port
     [32m✓[39m extracts port names from port union
     [32m✓[39m extracts multiple port names from larger union
[31m     [31m×[31m returns never for never input[39m
     [32m✓[39m error type has __message property with 'Missing dependencies:' prefix
     [32m✓[39m error message __message property lists single missing port name
     [32m✓[39m error message __message property lists multiple missing port names
     [32m✓[39m error type has __errorBrand property for type discrimination
     [32m✓[39m error type has __missing property with missing ports
     [32m✓[39m error for never produces never
     [32m✓[39m error type has __message property with 'Duplicate provider for:' prefix
     [32m✓[39m error message __message property includes port name
     [32m✓[39m error type has __errorBrand property for type discrimination
     [32m✓[39m error type has __duplicate property with duplicate port
     [32m✓[39m build() on satisfied graph returns valid Graph type
     [32m✓[39m build() on unsatisfied graph requires MissingDependencyError argument
     [32m✓[39m error message at build() is readable and actionable
     [32m✓[39m error message shows specific missing port names
     [32m✓[39m empty graph builds successfully
     [32m✓[39m build result with valid graph has __provides tracking provided ports
 [31m❯[39m [44m[1m TS [22m[49m tests/graph-builder.test-d.ts [2m([22m[2m21 tests[22m[2m | [22m[31m6 failed[39m[2m)[22m
[31m     [31m×[31m returns builder with TProvides = never[39m
     [32m✓[39m returns builder with TRequires = never
     [32m✓[39m returns correctly typed GraphBuilder<never, never>
     [32m✓[39m is a class with proper typing
[31m     [31m×[31m carries both TProvides and TRequires type parameters[39m
[31m     [31m×[31m supports union types for TProvides and TRequires[39m
     [32m✓[39m has provide method signature
     [32m✓[39m has build method signature
     [32m✓[39m instances are frozen (readonly adapters)
     [32m✓[39m builder type is distinct from mutable objects
     [32m✓[39m builder holds internal adapters array
     [32m✓[39m adapters array is readonly
     [32m✓[39m initial builder has empty adapters array type
[31m     [31m×[31m extracts TProvides from GraphBuilder[39m
[31m     [31m×[31m extracts union TProvides from GraphBuilder[39m
[31m     [31m×[31m returns never for GraphBuilder<never, ...>[39m
     [32m✓[39m returns never for non-GraphBuilder types
     [32m✓[39m extracts TRequires from GraphBuilder
     [32m✓[39m extracts union TRequires from GraphBuilder
     [32m✓[39m returns never for GraphBuilder<..., never>
     [32m✓[39m returns never for non-GraphBuilder types
 [31m❯[39m [44m[1m TS [22m[49m tests/provide.test-d.ts [2m([22m[2m30 tests[22m[2m | [22m[31m15 failed[39m[2m)[22m
     [32m✓[39m returns a GraphBuilder with specific port type
[31m     [31m×[31m returns a new builder, not the same type[39m
     [32m✓[39m preserves GraphBuilder class structure
[31m     [31m×[31m single adapter provides single port[39m
[31m     [31m×[31m two adapters provide union of ports[39m
[31m     [31m×[31m three adapters provide union of all ports[39m
     [32m✓[39m accumulation works regardless of adapter order
     [32m✓[39m adapter with no requires contributes never
     [32m✓[39m adapter with single require contributes that port
     [32m✓[39m adapter with multiple requires contributes union
     [32m✓[39m multiple adapters accumulate all requires
[31m     [31m×[31m builds up provides progressively[39m
     [32m✓[39m builds up requires progressively
[31m     [31m×[31m handles complex multi-adapter chain[39m
[31m     [31m×[31m original builder type unchanged after provide()[39m
[31m     [31m×[31m intermediate builders remain unchanged[39m
[31m     [31m×[31m branching from same builder creates independent chains[39m
     [32m✓[39m single adapter with no deps keeps TRequires as never
     [32m✓[39m multiple adapters with no deps keeps TRequires as never
     [32m✓[39m never union with port equals just port
     [32m✓[39m adapter with never requires verified via type utility
[31m     [31m×[31m supports method chaining syntax[39m
[31m     [31m×[31m each chain step returns correct builder type[39m
[31m     [31m×[31m long chains maintain type safety[39m
     [32m✓[39m accepts adapter with no dependencies
     [32m✓[39m accepts adapter with single dependency
     [32m✓[39m accepts adapter with multiple dependencies
[31m     [31m×[31m accepts adapters with different lifetimes[39m
[31m     [31m×[31m accepts inline adapter definitions[39m
[31m     [31m×[31m infers adapter type correctly from parameter[39m
 [31m❯[39m [44m[1m TS [22m[49m tests/type-utilities.test-d.ts [2m([22m[2m35 tests[22m[2m | [22m[31m10 failed[39m[2m)[22m
     [32m✓[39m extracts provided port from adapter with no dependencies
     [32m✓[39m extracts provided port from adapter with dependencies
     [32m✓[39m extracts provided port from manually typed Adapter
[31m     [31m×[31m returns never for non-Adapter types[39m
     [32m✓[39m returns never for never type
[31m     [31m×[31m returns never for unknown type[39m
     [32m✓[39m extracts required ports union from adapter with dependencies
     [32m✓[39m extracts never from adapter with no dependencies
     [32m✓[39m extracts required port from manually typed Adapter
     [32m✓[39m handles adapter with single dependency
[31m     [31m×[31m returns never for non-Adapter types[39m
     [32m✓[39m returns never for never type
     [32m✓[39m extracts singleton lifetime
     [32m✓[39m extracts scoped lifetime
     [32m✓[39m extracts transient lifetime
     [32m✓[39m extracts lifetime from manually typed Adapter
[31m     [31m×[31m returns never for non-Adapter types[39m
     [32m✓[39m returns never for never type
[31m     [31m×[31m extracts provided ports from builder with single adapter[39m
[31m     [31m×[31m extracts provided ports union from builder with multiple adapters[39m
[31m     [31m×[31m extracts never from empty builder[39m
[31m     [31m×[31m extracts from manually typed GraphBuilder[39m
     [32m✓[39m returns never for non-GraphBuilder types
     [32m✓[39m returns never for never type
     [32m✓[39m extracts required ports from builder with adapter that has dependencies
     [32m✓[39m extracts accumulated required ports from multiple adapters
     [32m✓[39m extracts never from builder with only no-dependency adapters
     [32m✓[39m extracts never from empty builder
     [32m✓[39m extracts from manually typed GraphBuilder
     [32m✓[39m returns never for non-GraphBuilder types
     [32m✓[39m returns never for never type
     [32m✓[39m utilities work together to extract adapter information
[31m     [31m×[31m utilities work together to extract builder information[39m
[31m     [31m×[31m adapter utilities match graph builder accumulation[39m
     [32m✓[39m no any leakage in utility types
 [31m❯[39m [44m[1m TS [22m[49m tests/validation.test-d.ts [2m([22m[2m29 tests[22m[2m | [22m[31m6 failed[39m[2m)[22m
     [32m✓[39m computes unsatisfied deps using standard Exclude
     [32m✓[39m computes unsatisfied using UnsatisfiedDependencies utility
     [32m✓[39m identifies multiple missing dependencies
     [32m✓[39m returns never when all required ports are provided
     [32m✓[39m returns never when provided exactly matches required
     [32m✓[39m returns never for empty graph (no requirements)
     [32m✓[39m IsSatisfied returns true when all deps provided
     [32m✓[39m shows single missing port
     [32m✓[39m shows multiple missing ports as union
     [32m✓[39m IsSatisfied returns false when deps missing
     [32m✓[39m shows one remaining when providing some deps
     [32m✓[39m progressively reduces unsatisfied deps
[31m     [31m×[31m works with real graph builder types[39m
     [32m✓[39m never requirements with never provides is satisfied
     [32m✓[39m never requirements with some provides is satisfied
     [32m✓[39m IsSatisfied with never requirements returns true
     [32m✓[39m adapters with no deps produce never unsatisfied
     [32m✓[39m same validation result regardless of adapter order
[31m     [31m×[31m incomplete graph same result regardless of order[39m
     [32m✓[39m IsSatisfied same result regardless of order
[31m     [31m×[31m validates graph with multiple layers of dependencies[39m
[31m     [31m×[31m detects missing deps in complex graph[39m
[31m     [31m×[31m IsSatisfied correctly evaluates complex graph[39m
     [32m✓[39m ValidGraph evaluates to graph type when satisfied
[31m     [31m×[31m ValidGraph evaluates to error info when unsatisfied[39m
     [32m✓[39m handles single port in provides and requires
     [32m✓[39m handles superset provides (more than needed)
     [32m✓[39m handles disjoint provides and requires
     [32m✓[39m IsSatisfied with provides=never and requires=port returns false
 [32m✓[39m [44m[1m TS [22m[49m tests/adapter.test-d.ts [2m([22m[2m16 tests[22m[2m)[22m
 [32m✓[39m [44m[1m TS [22m[49m tests/async-dependency.test-d.ts [2m([22m[2m14 tests[22m[2m)[22m
 [32m✓[39m [44m[1m TS [22m[49m tests/create-adapter.test-d.ts [2m([22m[2m8 tests[22m[2m)[22m

[31m⎯⎯⎯⎯⎯⎯[39m[1m[41m Failed Tests 42 [49m[22m[31m⎯⎯⎯⎯⎯⎯⎯[39m

[41m[1m FAIL [22m[49m tests/build.test-d.ts[2m > [22merror appears at .build() call site[2m > [22mbuilder type before build() does not show error
[31m[1mTypeCheckError[22m: Type 'Port<UserService, "UserService">' does not satisfy the constraint '{ [__brand] { 1 "Expected literal string UserService, Actual string"; 0 "Expected ..., Actual unknown"; }; __portName "Expected literal string UserService, Actual string"; }'.
  The types of '[__brand][1]' are incompatible between these types.
    Type '"UserService"' is not assignable to type '"Expected literal string UserService, Actual string"'.[39m
[36m [2m❯[22m tests/build.test-d.ts:[2m562:44[22m[39m
    [90m560| [39m    [90m// Verify it matches GraphBuilder shape[39m
    [90m561| [39m    type [33mProvides[39m [33m=[39m [33mInferGraphProvides[39m[33m<[39m[33mBuilderType[39m[33m>[39m[33m;[39m
    [90m562| [39m    expectTypeOf[33m<[39m[33mProvides[39m[33m>[39m()[33m.[39mtoEqualTypeOf[33m<[39m[33mUserServicePortType[39m[33m>[39m()[33m;[39m
    [90m   | [39m                                           [31m^[39m
    [90m563| [39m  })[33m;[39m
    [90m564| [39m

[31m[2m⎯⎯⎯⎯⎯⎯⎯⎯⎯⎯⎯⎯⎯⎯⎯⎯⎯⎯⎯⎯⎯⎯⎯[1/68]⎯[22m[39m

[41m[1m FAIL [22m[49m tests/duplicate-detection.test-d.ts[2m > [22mduplicate provider detection[2m > [22mdifferent ports with same interface are allowed
[31m[1mTypeCheckError[22m: Type 'Port<Logger, "Logger"> | Port<AnotherLogger, "AnotherLogger">' does not satisfy the constraint '{ [__brand] { 1 "Expected literal string Logger, Actual string" | "Expected literal string AnotherLogger, Actual string"; 0 "Expected ..., Actual unknown"; }; __portName "Expected literal string Logger, Actual string" | "Expected literal string AnotherLogger, Actual string"; }'.
  Type 'Port<Logger, "Logger">' is not assignable to type '{ [__brand] { 1 "Expected literal string Logger, Actual string" | "Expected literal string AnotherLogger, Actual string"; 0 "Expected ..., Actual unknown"; }; __portName "Expected literal string Logger, Actual string" | "Expected literal string AnotherLogger, Actual string"; }'.
    The types of '[__brand][1]' are incompatible between these types.
      Type '"Logger"' is not assignable to type '"Expected literal string Logger, Actual string" | "Expected literal string AnotherLogger, Actual string"'.[39m
[36m [2m❯[22m tests/duplicate-detection.test-d.ts:[2m175:44[22m[39m
    [90m173| [39m
    [90m174| [39m    [90m// Both ports should be provided[39m
    [90m175| [39m    expectTypeOf<Provides>().toEqualTypeOf<LoggerPortType | AnotherLog…
    [90m   | [39m                                           [31m^[39m
    [90m176| [39m  })[33m;[39m
    [90m177| [39m

[31m[2m⎯⎯⎯⎯⎯⎯⎯⎯⎯⎯⎯⎯⎯⎯⎯⎯⎯⎯⎯⎯⎯⎯⎯[2/68]⎯[22m[39m

[41m[1m FAIL [22m[49m tests/duplicate-detection.test-d.ts[2m > [22mduplicate provider detection[2m > [22mfirst provide() succeeds, second triggers error
[31m[1mTypeCheckError[22m: Type 'Port<Logger, "Logger">' does not satisfy the constraint '{ [__brand] { 1 "Expected literal string Logger, Actual string"; 0 "Expected ..., Actual unknown"; }; __portName "Expected literal string Logger, Actual string"; }'.
  The types of '[__brand][1]' are incompatible between these types.
    Type '"Logger"' is not assignable to type '"Expected literal string Logger, Actual string"'.[39m
[36m [2m❯[22m tests/duplicate-detection.test-d.ts:[2m184:72[22m[39m
    [90m182| [39m
    [90m183| [39m    // Verify first builder is a valid GraphBuilder with Logger provid…
    [90m184| [39m    expectTypeOf<InferGraphProvides<FirstBuilderType>>().toEqualTypeOf…
    [90m   | [39m                                                                       [31m^[39m
    [90m185| [39m
    [90m186| [39m    [90m// Second provide() with duplicate should return error type[39m

[31m[2m⎯⎯⎯⎯⎯⎯⎯⎯⎯⎯⎯⎯⎯⎯⎯⎯⎯⎯⎯⎯⎯⎯⎯[3/68]⎯[22m[39m

[41m[1m FAIL [22m[49m tests/duplicate-detection.test-d.ts[2m > [22mduplicate provider detection[2m > [22mnon-overlapping ports are allowed in any order
[31m[1mTypeCheckError[22m: Type 'Port<Logger, "Logger"> | Port<Database, "Database"> | Port<UserService, "UserService">' does not satisfy the constraint '{ [__brand] { 1 "Expected literal string UserService, Actual string" | "Expected literal string Logger, Actual string" | "Expected literal string Database, Actual string"; 0 "Expected ..., Actual unknown"; }; __portName "Expected literal string UserService, Actual string" | ... 1 more ... | "Expect...'.
  Type 'Port<Logger, "Logger">' is not assignable to type '{ [__brand] { 1 "Expected literal string UserService, Actual string" | "Expected literal string Logger, Actual string" | "Expected literal string Database, Actual string"; 0 "Expected ..., Actual unknown"; }; __portName "Expected literal string UserService, Actual string" | ... 1 more ... | "Expect...'.
    The types of '[__brand][1]' are incompatible between these types.
      Type '"Logger"' is not assignable to type '"Expected literal string UserService, Actual string" | "Expected literal string Logger, Actual string" | "Expected literal string Database, Actual string"'.[39m
[36m [2m❯[22m tests/duplicate-detection.test-d.ts:[2m222:7[22m[39m
    [90m220| [39m    [90m// All ports should be provided[39m
    [90m221| [39m    expectTypeOf[33m<[39m[33mProvides[39m[33m>[39m()[33m.[39mtoEqualTypeOf[33m<[39m
    [90m222| [39m      [33mLoggerPortType[39m [33m|[39m [33mDatabasePortType[39m [33m|[39m [33mUserServicePortType[39m
    [90m   | [39m      [31m^[39m
    [90m223| [39m    [33m>[39m()[33m;[39m
    [90m224| [39m  })[33m;[39m

[31m[2m⎯⎯⎯⎯⎯⎯⎯⎯⎯⎯⎯⎯⎯⎯⎯⎯⎯⎯⎯⎯⎯⎯⎯[4/68]⎯[22m[39m

[41m[1m FAIL [22m[49m tests/error-messages.test-d.ts[2m > [22mExtractPortNames utility type[2m > [22mreturns never for never input
[31m[1mTypeCheckError[22m: This expression is not callable. Type 'ExpectNever<"none">' has no call signatures.[39m
[36m [2m❯[22m tests/error-messages.test-d.ts:[2m115:27[22m[39m
    [90m113| [39m  [34mit[39m([32m"returns never for never input"[39m[33m,[39m () [33m=>[39m {
    [90m114| [39m    type [33mNames[39m [33m=[39m [33mExtractPortNames[39m[33m<[39mnever[33m>[39m[33m;[39m
    [90m115| [39m    expectTypeOf[33m<[39m[33mNames[39m[33m>[39m()[33m.[39m[34mtoBeNever[39m()[33m;[39m
    [90m   | [39m                          [31m^[39m
    [90m116| [39m  })[33m;[39m
    [90m117| [39m})[33m;[39m

[31m[2m⎯⎯⎯⎯⎯⎯⎯⎯⎯⎯⎯⎯⎯⎯⎯⎯⎯⎯⎯⎯⎯⎯⎯[5/68]⎯[22m[39m

[41m[1m FAIL [22m[49m tests/graph-builder.test-d.ts[2m > [22mGraphBuilder.create()[2m > [22mreturns builder with TProvides = never
[31m[1mTypeCheckError[22m: This expression is not callable. Type 'ExpectNever<Port<unknown, string>>' has no call signatures.[39m
[36m [2m❯[22m tests/graph-builder.test-d.ts:[2m65:30[22m[39m
    [90m 63| [39m    type [33mProvides[39m [33m=[39m [33mInferGraphProvides[39m[33m<[39m[33mBuilderType[39m[33m>[39m[33m;[39m
    [90m 64| [39m
    [90m 65| [39m    expectTypeOf[33m<[39m[33mProvides[39m[33m>[39m()[33m.[39m[34mtoBeNever[39m()[33m;[39m
    [90m   | [39m                             [31m^[39m
    [90m 66| [39m  })[33m;[39m
    [90m 67| [39m

[31m[2m⎯⎯⎯⎯⎯⎯⎯⎯⎯⎯⎯⎯⎯⎯⎯⎯⎯⎯⎯⎯⎯⎯⎯[6/68]⎯[22m[39m

[41m[1m FAIL [22m[49m tests/graph-builder.test-d.ts[2m > [22mGraphBuilder type structure[2m > [22mcarries both TProvides and TRequires type parameters
[31m[1mTypeCheckError[22m: Type 'Port<Logger, "Logger">' does not satisfy the constraint '{ [__brand] { 1 "Expected literal string Logger, Actual string"; 0 "Expected ..., Actual unknown"; }; __portName "Expected literal string Logger, Actual string"; }'.
  The types of '[__brand][1]' are incompatible between these types.
    Type '"Logger"' is not assignable to type '"Expected literal string Logger, Actual string"'.[39m
[36m [2m❯[22m tests/graph-builder.test-d.ts:[2m109:53[22m[39m
    [90m107| [39m    type [33mExtractedRequires[39m [33m=[39m [33mInferGraphRequires[39m[33m<[39m[33mBuilderWithTypes[39m[33m>[39m[33m;[39m
    [90m108| [39m
    [90m109| [39m    expectTypeOf[33m<[39m[33mExtractedProvides[39m[33m>[39m()[33m.[39mtoEqualTypeOf[33m<[39m[33mLoggerPortType[39m[33m>[39m()[33m;[39m
    [90m   | [39m                                                    [31m^[39m
    [90m110| [39m    expectTypeOf<ExtractedRequires>().toEqualTypeOf<DatabasePortType>(…
    [90m111| [39m  })[33m;[39m

[31m[2m⎯⎯⎯⎯⎯⎯⎯⎯⎯⎯⎯⎯⎯⎯⎯⎯⎯⎯⎯⎯⎯⎯⎯[7/68]⎯[22m[39m

[41m[1m FAIL [22m[49m tests/graph-builder.test-d.ts[2m > [22mGraphBuilder type structure[2m > [22msupports union types for TProvides and TRequires
[31m[1mTypeCheckError[22m: Type 'Port<Logger, "Logger"> | Port<Database, "Database">' does not satisfy the constraint '{ [__brand] { 1 "Expected literal string Logger, Actual string" | "Expected literal string Database, Actual string"; 0 "Expected ..., Actual unknown"; }; __portName "Expected literal string Logger, Actual string" | "Expected literal string Database, Actual string"; }'.
  Type 'Port<Logger, "Logger">' is not assignable to type '{ [__brand] { 1 "Expected literal string Logger, Actual string" | "Expected literal string Database, Actual string"; 0 "Expected ..., Actual unknown"; }; __portName "Expected literal string Logger, Actual string" | "Expected literal string Database, Actual string"; }'.
    The types of '[__brand][1]' are incompatible between these types.
      Type '"Logger"' is not assignable to type '"Expected literal string Logger, Actual string" | "Expected literal string Database, Actual string"'.[39m
[36m [2m❯[22m tests/graph-builder.test-d.ts:[2m123:7[22m[39m
    [90m121| [39m
    [90m122| [39m    expectTypeOf[33m<[39m[33mExtractedProvides[39m[33m>[39m()[33m.[39mtoEqualTypeOf[33m<[39m
    [90m123| [39m      [33mLoggerPortType[39m [33m|[39m [33mDatabasePortType[39m
    [90m   | [39m      [31m^[39m
    [90m124| [39m    [33m>[39m()[33m;[39m
    [90m125| [39m    expectTypeOf<ExtractedRequires>().toEqualTypeOf<UserServicePortTyp…

[31m[2m⎯⎯⎯⎯⎯⎯⎯⎯⎯⎯⎯⎯⎯⎯⎯⎯⎯⎯⎯⎯⎯⎯⎯[8/68]⎯[22m[39m

[41m[1m FAIL [22m[49m tests/graph-builder.test-d.ts[2m > [22mInferGraphProvides utility type[2m > [22mextracts TProvides from GraphBuilder
[31m[1mTypeCheckError[22m: Type 'Port<Logger, "Logger">' does not satisfy the constraint '{ [__brand] { 1 "Expected literal string Logger, Actual string"; 0 "Expected ..., Actual unknown"; }; __portName "Expected literal string Logger, Actual string"; }'.
  The types of '[__brand][1]' are incompatible between these types.
    Type '"Logger"' is not assignable to type '"Expected literal string Logger, Actual string"'.[39m
[36m [2m❯[22m tests/graph-builder.test-d.ts:[2m221:44[22m[39m
    [90m219| [39m    type [33mProvides[39m [33m=[39m [33mInferGraphProvides[39m[33m<[39m[33mBuilder[39m[33m>[39m[33m;[39m
    [90m220| [39m
    [90m221| [39m    expectTypeOf[33m<[39m[33mProvides[39m[33m>[39m()[33m.[39mtoEqualTypeOf[33m<[39m[33mLoggerPortType[39m[33m>[39m()[33m;[39m
    [90m   | [39m                                           [31m^[39m
    [90m222| [39m  })[33m;[39m
    [90m223| [39m

[31m[2m⎯⎯⎯⎯⎯⎯⎯⎯⎯⎯⎯⎯⎯⎯⎯⎯⎯⎯⎯⎯⎯⎯⎯[9/68]⎯[22m[39m

[41m[1m FAIL [22m[49m tests/graph-builder.test-d.ts[2m > [22mInferGraphProvides utility type[2m > [22mextracts union TProvides from GraphBuilder
[31m[1mTypeCheckError[22m: Type 'Port<Logger, "Logger"> | Port<Database, "Database">' does not satisfy the constraint '{ [__brand] { 1 "Expected literal string Logger, Actual string" | "Expected literal string Database, Actual string"; 0 "Expected ..., Actual unknown"; }; __portName "Expected literal string Logger, Actual string" | "Expected literal string Database, Actual string"; }'.
  Type 'Port<Logger, "Logger">' is not assignable to type '{ [__brand] { 1 "Expected literal string Logger, Actual string" | "Expected literal string Database, Actual string"; 0 "Expected ..., Actual unknown"; }; __portName "Expected literal string Logger, Actual string" | "Expected literal string Database, Actual string"; }'.
    The types of '[__brand][1]' are incompatible between these types.
      Type '"Logger"' is not assignable to type '"Expected literal string Logger, Actual string" | "Expected literal string Database, Actual string"'.[39m
[36m [2m❯[22m tests/graph-builder.test-d.ts:[2m231:44[22m[39m
    [90m229| [39m    type [33mProvides[39m [33m=[39m [33mInferGraphProvides[39m[33m<[39m[33mBuilder[39m[33m>[39m[33m;[39m
    [90m230| [39m
    [90m231| [39m    expectTypeOf<Provides>().toEqualTypeOf<LoggerPortType | DatabasePo…
    [90m   | [39m                                           [31m^[39m
    [90m232| [39m  })[33m;[39m
    [90m233| [39m

[31m[2m⎯⎯⎯⎯⎯⎯⎯⎯⎯⎯⎯⎯⎯⎯⎯⎯⎯⎯⎯⎯⎯⎯[10/68]⎯[22m[39m

[41m[1m FAIL [22m[49m tests/graph-builder.test-d.ts[2m > [22mInferGraphProvides utility type[2m > [22mreturns never for GraphBuilder<never, ...>
[31m[1mTypeCheckError[22m: This expression is not callable. Type 'ExpectNever<Port<unknown, string>>' has no call signatures.[39m
[36m [2m❯[22m tests/graph-builder.test-d.ts:[2m238:30[22m[39m
    [90m236| [39m    type [33mProvides[39m [33m=[39m [33mInferGraphProvides[39m[33m<[39m[33mBuilder[39m[33m>[39m[33m;[39m
    [90m237| [39m
    [90m238| [39m    expectTypeOf[33m<[39m[33mProvides[39m[33m>[39m()[33m.[39m[34mtoBeNever[39m()[33m;[39m
    [90m   | [39m                             [31m^[39m
    [90m239| [39m  })[33m;[39m
    [90m240| [39m

[31m[2m⎯⎯⎯⎯⎯⎯⎯⎯⎯⎯⎯⎯⎯⎯⎯⎯⎯⎯⎯⎯⎯⎯[11/68]⎯[22m[39m

[41m[1m FAIL [22m[49m tests/provide.test-d.ts[2m > [22mprovide() returns NEW builder instance[2m > [22mreturns a new builder, not the same type
[31m[1mTypeCheckError[22m: This expression is not callable. Type 'ExpectNever<Port<unknown, string>>' has no call signatures.[39m
[36m [2m❯[22m tests/provide.test-d.ts:[2m127:54[22m[39m
    [90m125| [39m    type [33mWithAdapterType[39m [33m=[39m [35mtypeof[39m withAdapter[33m;[39m
    [90m126| [39m
    [90m127| [39m    expectTypeOf[33m<[39m[33mInferGraphProvides[39m[33m<[39m[33mOriginalType[39m[33m>>[39m()[33m.[39m[34mtoBeNever[39m()[33m;[39m
    [90m   | [39m                                                     [31m^[39m
    [90m128| [39m    expectTypeOf<InferGraphProvides<WithAdapterType>>().toEqualTypeOf<…
    [90m129| [39m  })[33m;[39m

[31m[2m⎯⎯⎯⎯⎯⎯⎯⎯⎯⎯⎯⎯⎯⎯⎯⎯⎯⎯⎯⎯⎯⎯[12/68]⎯[22m[39m

[41m[1m FAIL [22m[49m tests/provide.test-d.ts[2m > [22mprovide() returns NEW builder instance[2m > [22mreturns a new builder, not the same type
[31m[1mTypeCheckError[22m: Type 'Port<Logger, "Logger">' does not satisfy the constraint '{ [__brand] { 1 "Expected literal string Logger, Actual string"; 0 "Expected ..., Actual unknown"; }; __portName "Expected literal string Logger, Actual string"; }'.
  The types of '[__brand][1]' are incompatible between these types.
    Type '"Logger"' is not assignable to type '"Expected literal string Logger, Actual string"'.[39m
[36m [2m❯[22m tests/provide.test-d.ts:[2m128:71[22m[39m
    [90m126| [39m
    [90m127| [39m    expectTypeOf[33m<[39m[33mInferGraphProvides[39m[33m<[39m[33mOriginalType[39m[33m>>[39m()[33m.[39m[34mtoBeNever[39m()[33m;[39m
    [90m128| [39m    expectTypeOf<InferGraphProvides<WithAdapterType>>().toEqualTypeOf<…
    [90m   | [39m                                                                      [31m^[39m
    [90m129| [39m  })[33m;[39m
    [90m130| [39m

[31m[2m⎯⎯⎯⎯⎯⎯⎯⎯⎯⎯⎯⎯⎯⎯⎯⎯⎯⎯⎯⎯⎯⎯[13/68]⎯[22m[39m

[41m[1m FAIL [22m[49m tests/provide.test-d.ts[2m > [22mTProvides accumulates with union[2m > [22msingle adapter provides single port
[31m[1mTypeCheckError[22m: Type 'Port<Logger, "Logger">' does not satisfy the constraint '{ [__brand] { 1 "Expected literal string Logger, Actual string"; 0 "Expected ..., Actual unknown"; }; __portName "Expected literal string Logger, Actual string"; }'.
  The types of '[__brand][1]' are incompatible between these types.
    Type '"Logger"' is not assignable to type '"Expected literal string Logger, Actual string"'.[39m
[36m [2m❯[22m tests/provide.test-d.ts:[2m150:44[22m[39m
    [90m148| [39m
    [90m149| [39m    type [33mProvides[39m [33m=[39m [33mInferGraphProvides[39m[33m<[39m[35mtypeof[39m builder[33m>[39m[33m;[39m
    [90m150| [39m    expectTypeOf[33m<[39m[33mProvides[39m[33m>[39m()[33m.[39mtoEqualTypeOf[33m<[39m[33mLoggerPortType[39m[33m>[39m()[33m;[39m
    [90m   | [39m                                           [31m^[39m
    [90m151| [39m  })[33m;[39m
    [90m152| [39m

[31m[2m⎯⎯⎯⎯⎯⎯⎯⎯⎯⎯⎯⎯⎯⎯⎯⎯⎯⎯⎯⎯⎯⎯[14/68]⎯[22m[39m

[41m[1m FAIL [22m[49m tests/provide.test-d.ts[2m > [22mTProvides accumulates with union[2m > [22mtwo adapters provide union of ports
[31m[1mTypeCheckError[22m: Type 'Port<Logger, "Logger"> | Port<Database, "Database">' does not satisfy the constraint '{ [__brand] { 1 "Expected literal string Logger, Actual string" | "Expected literal string Database, Actual string"; 0 "Expected ..., Actual unknown"; }; __portName "Expected literal string Logger, Actual string" | "Expected literal string Database, Actual string"; }'.
  Type 'Port<Logger, "Logger">' is not assignable to type '{ [__brand] { 1 "Expected literal string Logger, Actual string" | "Expected literal string Database, Actual string"; 0 "Expected ..., Actual unknown"; }; __portName "Expected literal string Logger, Actual string" | "Expected literal string Database, Actual string"; }'.
    The types of '[__brand][1]' are incompatible between these types.
      Type '"Logger"' is not assignable to type '"Expected literal string Logger, Actual string" | "Expected literal string Database, Actual string"'.[39m
[36m [2m❯[22m tests/provide.test-d.ts:[2m159:44[22m[39m
    [90m157| [39m
    [90m158| [39m    type [33mProvides[39m [33m=[39m [33mInferGraphProvides[39m[33m<[39m[35mtypeof[39m builder[33m>[39m[33m;[39m
    [90m159| [39m    expectTypeOf<Provides>().toEqualTypeOf<LoggerPortType | DatabasePo…
    [90m   | [39m                                           [31m^[39m
    [90m160| [39m  })[33m;[39m
    [90m161| [39m

[31m[2m⎯⎯⎯⎯⎯⎯⎯⎯⎯⎯⎯⎯⎯⎯⎯⎯⎯⎯⎯⎯⎯⎯[15/68]⎯[22m[39m

[41m[1m FAIL [22m[49m tests/provide.test-d.ts[2m > [22mTProvides accumulates with union[2m > [22mthree adapters provide union of all ports
[31m[1mTypeCheckError[22m: Type 'Port<Logger, "Logger"> | Port<Database, "Database"> | Port<ConfigService, "Config">' does not satisfy the constraint '{ [__brand] { 1 "Expected literal string Logger, Actual string" | "Expected literal string Database, Actual string" | "Expected literal string Config, Actual string"; 0 "Expected ..., Actual unknown"; }; __portName "Expected literal string Logger, Actual string" | ... 1 more ... | "Expected litera...'.
  Type 'Port<Logger, "Logger">' is not assignable to type '{ [__brand] { 1 "Expected literal string Logger, Actual string" | "Expected literal string Database, Actual string" | "Expected literal string Config, Actual string"; 0 "Expected ..., Actual unknown"; }; __portName "Expected literal string Logger, Actual string" | ... 1 more ... | "Expected litera...'.
    The types of '[__brand][1]' are incompatible between these types.
      Type '"Logger"' is not assignable to type '"Expected literal string Logger, Actual string" | "Expected literal string Database, Actual string" | "Expected literal string Config, Actual string"'.[39m
[36m [2m❯[22m tests/provide.test-d.ts:[2m170:7[22m[39m
    [90m168| [39m    type [33mProvides[39m [33m=[39m [33mInferGraphProvides[39m[33m<[39m[35mtypeof[39m builder[33m>[39m[33m;[39m
    [90m169| [39m    expectTypeOf[33m<[39m[33mProvides[39m[33m>[39m()[33m.[39mtoEqualTypeOf[33m<[39m
    [90m170| [39m      [33mLoggerPortType[39m [33m|[39m [33mDatabasePortType[39m [33m|[39m [33mConfigPortType[39m
    [90m   | [39m      [31m^[39m
    [90m171| [39m    [33m>[39m()[33m;[39m
    [90m172| [39m  })[33m;[39m

[31m[2m⎯⎯⎯⎯⎯⎯⎯⎯⎯⎯⎯⎯⎯⎯⎯⎯⎯⎯⎯⎯⎯⎯[16/68]⎯[22m[39m

[41m[1m FAIL [22m[49m tests/provide.test-d.ts[2m > [22mmultiple provide() calls correctly accumulate types[2m > [22mbuilds up provides progressively
[31m[1mTypeCheckError[22m: This expression is not callable. Type 'ExpectNever<Port<unknown, string>>' has no call signatures.[39m
[36m [2m❯[22m tests/provide.test-d.ts:[2m247:24[22m[39m
    [90m245| [39m    type [33mP3[39m [33m=[39m [33mInferGraphProvides[39m[33m<[39m[35mtypeof[39m step3[33m>[39m[33m;[39m
    [90m246| [39m
    [90m247| [39m    expectTypeOf[33m<[39m[33mP0[39m[33m>[39m()[33m.[39m[34mtoBeNever[39m()[33m;[39m
    [90m   | [39m                       [31m^[39m
    [90m248| [39m    expectTypeOf[33m<[39m[33mP1[39m[33m>[39m()[33m.[39mtoEqualTypeOf[33m<[39m[33mLoggerPortType[39m[33m>[39m()[33m;[39m
    [90m249| [39m    expectTypeOf<P2>().toEqualTypeOf<LoggerPortType | DatabasePortType…

[31m[2m⎯⎯⎯⎯⎯⎯⎯⎯⎯⎯⎯⎯⎯⎯⎯⎯⎯⎯⎯⎯⎯⎯[17/68]⎯[22m[39m

[41m[1m FAIL [22m[49m tests/provide.test-d.ts[2m > [22mmultiple provide() calls correctly accumulate types[2m > [22mbuilds up provides progressively
[31m[1mTypeCheckError[22m: Type 'Port<Logger, "Logger">' does not satisfy the constraint '{ [__brand] { 1 "Expected literal string Logger, Actual string"; 0 "Expected ..., Actual unknown"; }; __portName "Expected literal string Logger, Actual string"; }'.
  The types of '[__brand][1]' are incompatible between these types.
    Type '"Logger"' is not assignable to type '"Expected literal string Logger, Actual string"'.[39m
[36m [2m❯[22m tests/provide.test-d.ts:[2m248:38[22m[39m
    [90m246| [39m
    [90m247| [39m    expectTypeOf[33m<[39m[33mP0[39m[33m>[39m()[33m.[39m[34mtoBeNever[39m()[33m;[39m
    [90m248| [39m    expectTypeOf[33m<[39m[33mP1[39m[33m>[39m()[33m.[39mtoEqualTypeOf[33m<[39m[33mLoggerPortType[39m[33m>[39m()[33m;[39m
    [90m   | [39m                                     [31m^[39m
    [90m249| [39m    expectTypeOf<P2>().toEqualTypeOf<LoggerPortType | DatabasePortType…
    [90m250| [39m    expectTypeOf[33m<[39m[33mP3[39m[33m>[39m()[33m.[39mtoEqualTypeOf[33m<[39m

[31m[2m⎯⎯⎯⎯⎯⎯⎯⎯⎯⎯⎯⎯⎯⎯⎯⎯⎯⎯⎯⎯⎯⎯[18/68]⎯[22m[39m

[41m[1m FAIL [22m[49m tests/provide.test-d.ts[2m > [22mmultiple provide() calls correctly accumulate types[2m > [22mbuilds up provides progressively
[31m[1mTypeCheckError[22m: Type 'Port<Logger, "Logger"> | Port<Database, "Database">' does not satisfy the constraint '{ [__brand] { 1 "Expected literal string Logger, Actual string" | "Expected literal string Database, Actual string"; 0 "Expected ..., Actual unknown"; }; __portName "Expected literal string Logger, Actual string" | "Expected literal string Database, Actual string"; }'.
  Type 'Port<Logger, "Logger">' is not assignable to type '{ [__brand] { 1 "Expected literal string Logger, Actual string" | "Expected literal string Database, Actual string"; 0 "Expected ..., Actual unknown"; }; __portName "Expected literal string Logger, Actual string" | "Expected literal string Database, Actual string"; }'.
    The types of '[__brand][1]' are incompatible between these types.
      Type '"Logger"' is not assignable to type '"Expected literal string Logger, Actual string" | "Expected literal string Database, Actual string"'.[39m
[36m [2m❯[22m tests/provide.test-d.ts:[2m249:38[22m[39m
    [90m247| [39m    expectTypeOf[33m<[39m[33mP0[39m[33m>[39m()[33m.[39m[34mtoBeNever[39m()[33m;[39m
    [90m248| [39m    expectTypeOf[33m<[39m[33mP1[39m[33m>[39m()[33m.[39mtoEqualTypeOf[33m<[39m[33mLoggerPortType[39m[33m>[39m()[33m;[39m
    [90m249| [39m    expectTypeOf<P2>().toEqualTypeOf<LoggerPortType | DatabasePortType…
    [90m   | [39m                                     [31m^[39m
    [90m250| [39m    expectTypeOf[33m<[39m[33mP3[39m[33m>[39m()[33m.[39mtoEqualTypeOf[33m<[39m
    [90m251| [39m      [33mLoggerPortType[39m [33m|[39m [33mDatabasePortType[39m [33m|[39m [33mConfigPortType[39m

[31m[2m⎯⎯⎯⎯⎯⎯⎯⎯⎯⎯⎯⎯⎯⎯⎯⎯⎯⎯⎯⎯⎯⎯[19/68]⎯[22m[39m

[41m[1m FAIL [22m[49m tests/provide.test-d.ts[2m > [22mmultiple provide() calls correctly accumulate types[2m > [22mbuilds up provides progressively
[31m[1mTypeCheckError[22m: Type 'Port<Logger, "Logger"> | Port<Database, "Database"> | Port<ConfigService, "Config">' does not satisfy the constraint '{ [__brand] { 1 "Expected literal string Logger, Actual string" | "Expected literal string Database, Actual string" | "Expected literal string Config, Actual string"; 0 "Expected ..., Actual unknown"; }; __portName "Expected literal string Logger, Actual string" | ... 1 more ... | "Expected litera...'.
  Type 'Port<Logger, "Logger">' is not assignable to type '{ [__brand] { 1 "Expected literal string Logger, Actual string" | "Expected literal string Database, Actual string" | "Expected literal string Config, Actual string"; 0 "Expected ..., Actual unknown"; }; __portName "Expected literal string Logger, Actual string" | ... 1 more ... | "Expected litera...'.
    The types of '[__brand][1]' are incompatible between these types.
      Type '"Logger"' is not assignable to type '"Expected literal string Logger, Actual string" | "Expected literal string Database, Actual string" | "Expected literal string Config, Actual string"'.[39m
[36m [2m❯[22m tests/provide.test-d.ts:[2m251:7[22m[39m
    [90m249| [39m    expectTypeOf<P2>().toEqualTypeOf<LoggerPortType | DatabasePortType…
    [90m250| [39m    expectTypeOf[33m<[39m[33mP3[39m[33m>[39m()[33m.[39mtoEqualTypeOf[33m<[39m
    [90m251| [39m      [33mLoggerPortType[39m [33m|[39m [33mDatabasePortType[39m [33m|[39m [33mConfigPortType[39m
    [90m   | [39m      [31m^[39m
    [90m252| [39m    [33m>[39m()[33m;[39m
    [90m253| [39m  })[33m;[39m

[31m[2m⎯⎯⎯⎯⎯⎯⎯⎯⎯⎯⎯⎯⎯⎯⎯⎯⎯⎯⎯⎯⎯⎯[20/68]⎯[22m[39m

[41m[1m FAIL [22m[49m tests/provide.test-d.ts[2m > [22mmultiple provide() calls correctly accumulate types[2m > [22mhandles complex multi-adapter chain
[31m[1mTypeCheckError[22m: Type 'Port<Logger, "Logger"> | Port<Database, "Database"> | Port<UserService, "UserService"> | Port<ConfigService, "Config"> | Port<...>' does not satisfy the constraint '{ [__brand] { 1 "Expected literal string UserService, Actual string" | "Expected literal string Logger, Actual string" | "Expected literal string Database, Actual string" | "Expected literal string Config, Actual string" | "Expected literal string Cache, Actual string"; 0 "Expected ..., Actual un...'.
  Type 'Port<Logger, "Logger">' is not assignable to type '{ [__brand] { 1 "Expected literal string UserService, Actual string" | "Expected literal string Logger, Actual string" | "Expected literal string Database, Actual string" | "Expected literal string Config, Actual string" | "Expected literal string Cache, Actual string"; 0 "Expected ..., Actual un...'.
    The types of '[__brand][1]' are incompatible between these types.
      Type '"Logger"' is not assignable to type '"Expected literal string UserService, Actual string" | "Expected literal string Logger, Actual string" | "Expected literal string Database, Actual string" | "Expected literal string Config, Actual string" | "Expected literal string Cache, Actual string"'.[39m
[36m [2m❯[22m tests/provide.test-d.ts:[2m287:7[22m[39m
    [90m285| [39m    [90m// All ports should be provided[39m
    [90m286| [39m    expectTypeOf[33m<[39m[33mProvides[39m[33m>[39m()[33m.[39mtoEqualTypeOf[33m<[39m
    [90m287| [39m      [33m|[39m [33mLoggerPortType[39m
    [90m   | [39m      [31m^[39m
    [90m288| [39m      [33m|[39m [33mDatabasePortType[39m
    [90m289| [39m      [33m|[39m [33mConfigPortType[39m

[31m[2m⎯⎯⎯⎯⎯⎯⎯⎯⎯⎯⎯⎯⎯⎯⎯⎯⎯⎯⎯⎯⎯⎯[21/68]⎯[22m[39m

[41m[1m FAIL [22m[49m tests/provide.test-d.ts[2m > [22mbuilder is immutable - original unchanged after provide()[2m > [22moriginal builder type unchanged after provide()
[31m[1mTypeCheckError[22m: This expression is not callable. Type 'ExpectNever<Port<unknown, string>>' has no call signatures.[39m
[36m [2m❯[22m tests/provide.test-d.ts:[2m314:38[22m[39m
    [90m312| [39m    type [33mOriginalRequires[39m [33m=[39m [33mInferGraphRequires[39m[33m<[39m[35mtypeof[39m original[33m>[39m[33m;[39m
    [90m313| [39m
    [90m314| [39m    expectTypeOf[33m<[39m[33mOriginalProvides[39m[33m>[39m()[33m.[39m[34mtoBeNever[39m()[33m;[39m
    [90m   | [39m                                     [31m^[39m
    [90m315| [39m    expectTypeOf[33m<[39m[33mOriginalRequires[39m[33m>[39m()[33m.[39m[34mtoBeNever[39m()[33m;[39m
    [90m316| [39m  })[33m;[39m

[31m[2m⎯⎯⎯⎯⎯⎯⎯⎯⎯⎯⎯⎯⎯⎯⎯⎯⎯⎯⎯⎯⎯⎯[22/68]⎯[22m[39m

[41m[1m FAIL [22m[49m tests/provide.test-d.ts[2m > [22mbuilder is immutable - original unchanged after provide()[2m > [22mintermediate builders remain unchanged
[31m[1mTypeCheckError[22m: This expression is not callable. Type 'ExpectNever<Port<unknown, string>>' has no call signatures.[39m
[36m [2m❯[22m tests/provide.test-d.ts:[2m325:32[22m[39m
    [90m323| [39m    [90m// builder1 should still be empty[39m
    [90m324| [39m    type [33mB1Provides[39m [33m=[39m [33mInferGraphProvides[39m[33m<[39m[35mtypeof[39m builder1[33m>[39m[33m;[39m
    [90m325| [39m    expectTypeOf[33m<[39m[33mB1Provides[39m[33m>[39m()[33m.[39m[34mtoBeNever[39m()[33m;[39m
    [90m   | [39m                               [31m^[39m
    [90m326| [39m
    [90m327| [39m    [90m// builder2 should only have Logger[39m

[31m[2m⎯⎯⎯⎯⎯⎯⎯⎯⎯⎯⎯⎯⎯⎯⎯⎯⎯⎯⎯⎯⎯⎯[23/68]⎯[22m[39m

[41m[1m FAIL [22m[49m tests/provide.test-d.ts[2m > [22mbuilder is immutable - original unchanged after provide()[2m > [22mintermediate builders remain unchanged
[31m[1mTypeCheckError[22m: Type 'Port<Logger, "Logger">' does not satisfy the constraint '{ [__brand] { 1 "Expected literal string Logger, Actual string"; 0 "Expected ..., Actual unknown"; }; __portName "Expected literal string Logger, Actual string"; }'.
  The types of '[__brand][1]' are incompatible between these types.
    Type '"Logger"' is not assignable to type '"Expected literal string Logger, Actual string"'.[39m
[36m [2m❯[22m tests/provide.test-d.ts:[2m329:46[22m[39m
    [90m327| [39m    [90m// builder2 should only have Logger[39m
    [90m328| [39m    type [33mB2Provides[39m [33m=[39m [33mInferGraphProvides[39m[33m<[39m[35mtypeof[39m builder2[33m>[39m[33m;[39m
    [90m329| [39m    expectTypeOf[33m<[39m[33mB2Provides[39m[33m>[39m()[33m.[39mtoEqualTypeOf[33m<[39m[33mLoggerPortType[39m[33m>[39m()[33m;[39m
    [90m   | [39m                                             [31m^[39m
    [90m330| [39m  })[33m;[39m
    [90m331| [39m

[31m[2m⎯⎯⎯⎯⎯⎯⎯⎯⎯⎯⎯⎯⎯⎯⎯⎯⎯⎯⎯⎯⎯⎯[24/68]⎯[22m[39m

[41m[1m FAIL [22m[49m tests/provide.test-d.ts[2m > [22mbuilder is immutable - original unchanged after provide()[2m > [22mbranching from same builder creates independent chains
[31m[1mTypeCheckError[22m: Type 'Port<Logger, "Logger">' does not satisfy the constraint '{ [__brand] { 1 "Expected literal string Logger, Actual string"; 0 "Expected ..., Actual unknown"; }; __portName "Expected literal string Logger, Actual string"; }'.
  The types of '[__brand][1]' are incompatible between these types.
    Type '"Logger"' is not assignable to type '"Expected literal string Logger, Actual string"'.[39m
[36m [2m❯[22m tests/provide.test-d.ts:[2m341:48[22m[39m
    [90m339| [39m    type [33mBranchBProvides[39m [33m=[39m [33mInferGraphProvides[39m[33m<[39m[35mtypeof[39m branchB[33m>[39m[33m;[39m
    [90m340| [39m
    [90m341| [39m    expectTypeOf[33m<[39m[33mBaseProvides[39m[33m>[39m()[33m.[39mtoEqualTypeOf[33m<[39m[33mLoggerPortType[39m[33m>[39m()[33m;[39m
    [90m   | [39m                                               [31m^[39m
    [90m342| [39m    expectTypeOf<BranchAProvides>().toEqualTypeOf<LoggerPortType | Dat…
    [90m343| [39m    expectTypeOf<BranchBProvides>().toEqualTypeOf<LoggerPortType | Con…

[31m[2m⎯⎯⎯⎯⎯⎯⎯⎯⎯⎯⎯⎯⎯⎯⎯⎯⎯⎯⎯⎯⎯⎯[25/68]⎯[22m[39m

[41m[1m FAIL [22m[49m tests/provide.test-d.ts[2m > [22mbuilder is immutable - original unchanged after provide()[2m > [22mbranching from same builder creates independent chains
[31m[1mTypeCheckError[22m: Type 'Port<Logger, "Logger"> | Port<Database, "Database">' does not satisfy the constraint '{ [__brand] { 1 "Expected literal string Logger, Actual string" | "Expected literal string Database, Actual string"; 0 "Expected ..., Actual unknown"; }; __portName "Expected literal string Logger, Actual string" | "Expected literal string Database, Actual string"; }'.
  Type 'Port<Logger, "Logger">' is not assignable to type '{ [__brand] { 1 "Expected literal string Logger, Actual string" | "Expected literal string Database, Actual string"; 0 "Expected ..., Actual unknown"; }; __portName "Expected literal string Logger, Actual string" | "Expected literal string Database, Actual string"; }'.
    The types of '[__brand][1]' are incompatible between these types.
      Type '"Logger"' is not assignable to type '"Expected literal string Logger, Actual string" | "Expected literal string Database, Actual string"'.[39m
[36m [2m❯[22m tests/provide.test-d.ts:[2m342:51[22m[39m
    [90m340| [39m
    [90m341| [39m    expectTypeOf[33m<[39m[33mBaseProvides[39m[33m>[39m()[33m.[39mtoEqualTypeOf[33m<[39m[33mLoggerPortType[39m[33m>[39m()[33m;[39m
    [90m342| [39m    expectTypeOf<BranchAProvides>().toEqualTypeOf<LoggerPortType | Dat…
    [90m   | [39m                                                  [31m^[39m
    [90m343| [39m    expectTypeOf<BranchBProvides>().toEqualTypeOf<LoggerPortType | Con…
    [90m344| [39m

[31m[2m⎯⎯⎯⎯⎯⎯⎯⎯⎯⎯⎯⎯⎯⎯⎯⎯⎯⎯⎯⎯⎯⎯[26/68]⎯[22m[39m

[41m[1m FAIL [22m[49m tests/provide.test-d.ts[2m > [22mbuilder is immutable - original unchanged after provide()[2m > [22mbranching from same builder creates independent chains
[31m[1mTypeCheckError[22m: Type 'Port<Logger, "Logger"> | Port<ConfigService, "Config">' does not satisfy the constraint '{ [__brand] { 1 "Expected literal string Logger, Actual string" | "Expected literal string Config, Actual string"; 0 "Expected ..., Actual unknown"; }; __portName "Expected literal string Logger, Actual string" | "Expected literal string Config, Actual string"; }'.
  Type 'Port<Logger, "Logger">' is not assignable to type '{ [__brand] { 1 "Expected literal string Logger, Actual string" | "Expected literal string Config, Actual string"; 0 "Expected ..., Actual unknown"; }; __portName "Expected literal string Logger, Actual string" | "Expected literal string Config, Actual string"; }'.
    The types of '[__brand][1]' are incompatible between these types.
      Type '"Logger"' is not assignable to type '"Expected literal string Logger, Actual string" | "Expected literal string Config, Actual string"'.[39m
[36m [2m❯[22m tests/provide.test-d.ts:[2m343:51[22m[39m
    [90m341| [39m    expectTypeOf[33m<[39m[33mBaseProvides[39m[33m>[39m()[33m.[39mtoEqualTypeOf[33m<[39m[33mLoggerPortType[39m[33m>[39m()[33m;[39m
    [90m342| [39m    expectTypeOf<BranchAProvides>().toEqualTypeOf<LoggerPortType | Dat…
    [90m343| [39m    expectTypeOf<BranchBProvides>().toEqualTypeOf<LoggerPortType | Con…
    [90m   | [39m                                                  [31m^[39m
    [90m344| [39m
    [90m345| [39m    [90m// Branch A and B should be different[39m

[31m[2m⎯⎯⎯⎯⎯⎯⎯⎯⎯⎯⎯⎯⎯⎯⎯⎯⎯⎯⎯⎯⎯⎯[27/68]⎯[22m[39m

[41m[1m FAIL [22m[49m tests/provide.test-d.ts[2m > [22mbuilder is immutable - original unchanged after provide()[2m > [22mbranching from same builder creates independent chains
[31m[1mTypeCheckError[22m: Expected 1 arguments, but got 0.[39m
[36m [2m❯[22m tests/provide.test-d.ts:[2m346:41[22m[39m
    [90m344| [39m
    [90m345| [39m    [90m// Branch A and B should be different[39m
    [90m346| [39m    expectTypeOf<BranchAProvides>().not.toEqualTypeOf<BranchBProvides>…
    [90m   | [39m                                        [31m^[39m
    [90m347| [39m  })[33m;[39m
    [90m348| [39m})[33m;[39m

[31m[2m⎯⎯⎯⎯⎯⎯⎯⎯⎯⎯⎯⎯⎯⎯⎯⎯⎯⎯⎯⎯⎯⎯[28/68]⎯[22m[39m

[41m[1m FAIL [22m[49m tests/provide.test-d.ts[2m > [22mchained provide() calls work fluently[2m > [22msupports method chaining syntax
[31m[1mTypeCheckError[22m: Type 'Port<Logger, "Logger"> | Port<Database, "Database"> | Port<UserService, "UserService">' does not satisfy the constraint '{ [__brand] { 1 "Expected literal string UserService, Actual string" | "Expected literal string Logger, Actual string" | "Expected literal string Database, Actual string"; 0 "Expected ..., Actual unknown"; }; __portName "Expected literal string UserService, Actual string" | ... 1 more ... | "Expect...'.
  Type 'Port<Logger, "Logger">' is not assignable to type '{ [__brand] { 1 "Expected literal string UserService, Actual string" | "Expected literal string Logger, Actual string" | "Expected literal string Database, Actual string"; 0 "Expected ..., Actual unknown"; }; __portName "Expected literal string UserService, Actual string" | ... 1 more ... | "Expect...'.
    The types of '[__brand][1]' are incompatible between these types.
      Type '"Logger"' is not assignable to type '"Expected literal string UserService, Actual string" | "Expected literal string Logger, Actual string" | "Expected literal string Database, Actual string"'.[39m
[36m [2m❯[22m tests/provide.test-d.ts:[2m402:7[22m[39m
    [90m400| [39m    type [33mProvides[39m [33m=[39m [33mInferGraphProvides[39m[33m<[39m[35mtypeof[39m builder[33m>[39m[33m;[39m
    [90m401| [39m    expectTypeOf[33m<[39m[33mProvides[39m[33m>[39m()[33m.[39mtoEqualTypeOf[33m<[39m
    [90m402| [39m      [33mLoggerPortType[39m [33m|[39m [33mDatabasePortType[39m [33m|[39m [33mUserServicePortType[39m
    [90m   | [39m      [31m^[39m
    [90m403| [39m    [33m>[39m()[33m;[39m
    [90m404| [39m  })[33m;[39m

[31m[2m⎯⎯⎯⎯⎯⎯⎯⎯⎯⎯⎯⎯⎯⎯⎯⎯⎯⎯⎯⎯⎯⎯[29/68]⎯[22m[39m

[41m[1m FAIL [22m[49m tests/provide.test-d.ts[2m > [22mchained provide() calls work fluently[2m > [22meach chain step returns correct builder type
[31m[1mTypeCheckError[22m: Type 'Port<Logger, "Logger"> | Port<Database, "Database">' does not satisfy the constraint '{ [__brand] { 1 "Expected literal string Logger, Actual string" | "Expected literal string Database, Actual string"; 0 "Expected ..., Actual unknown"; }; __portName "Expected literal string Logger, Actual string" | "Expected literal string Database, Actual string"; }'.
  Type 'Port<Logger, "Logger">' is not assignable to type '{ [__brand] { 1 "Expected literal string Logger, Actual string" | "Expected literal string Database, Actual string"; 0 "Expected ..., Actual unknown"; }; __portName "Expected literal string Logger, Actual string" | "Expected literal string Database, Actual string"; }'.
    The types of '[__brand][1]' are incompatible between these types.
      Type '"Logger"' is not assignable to type '"Expected literal string Logger, Actual string" | "Expected literal string Database, Actual string"'.[39m
[36m [2m❯[22m tests/provide.test-d.ts:[2m416:7[22m[39m
    [90m414| [39m    [90m// Should be GraphBuilder with correct type parameters[39m
    [90m415| [39m    expectTypeOf[33m<[39m[33mInferGraphProvides[39m[33m<[39m[33mBuilderType[39m[33m>>[39m()[33m.[39mtoEqualTypeOf[33m<[39m
    [90m416| [39m      [33mLoggerPortType[39m [33m|[39m [33mDatabasePortType[39m
    [90m   | [39m      [31m^[39m
    [90m417| [39m    [33m>[39m()[33m;[39m
    [90m418| [39m    expectTypeOf[33m<[39m[33mInferGraphRequires[39m[33m<[39m[33mBuilderType[39m[33m>>[39m()[33m.[39m[34mtoBeNever[39m()[33m;[39m

[31m[2m⎯⎯⎯⎯⎯⎯⎯⎯⎯⎯⎯⎯⎯⎯⎯⎯⎯⎯⎯⎯⎯⎯[30/68]⎯[22m[39m

[41m[1m FAIL [22m[49m tests/provide.test-d.ts[2m > [22mchained provide() calls work fluently[2m > [22mlong chains maintain type safety
[31m[1mTypeCheckError[22m: Type 'ExpectedProvides' does not satisfy the constraint '{ [__brand] { 1 "Expected literal string UserService, Actual string" | "Expected literal string Logger, Actual string" | "Expected literal string Database, Actual string" | "Expected literal string Config, Actual string" | "Expected literal string Cache, Actual string"; 0 "Expected ..., Actual un...'.
  Type 'Port<Logger, "Logger">' is not assignable to type '{ [__brand] { 1 "Expected literal string UserService, Actual string" | "Expected literal string Logger, Actual string" | "Expected literal string Database, Actual string" | "Expected literal string Config, Actual string" | "Expected literal string Cache, Actual string"; 0 "Expected ..., Actual un...'.
    The types of '[__brand][1]' are incompatible between these types.
      Type '"Logger"' is not assignable to type '"Expected literal string UserService, Actual string" | "Expected literal string Logger, Actual string" | "Expected literal string Database, Actual string" | "Expected literal string Config, Actual string" | "Expected literal string Cache, Actual string"'.[39m
[36m [2m❯[22m tests/provide.test-d.ts:[2m443:44[22m[39m
    [90m441| [39m    type ExpectedRequires = ConfigPortType | LoggerPortType | Database…
    [90m442| [39m
    [90m443| [39m    expectTypeOf[33m<[39m[33mProvides[39m[33m>[39m()[33m.[39mtoEqualTypeOf[33m<[39m[33mExpectedProvides[39m[33m>[39m()[33m;[39m
    [90m   | [39m                                           [31m^[39m
    [90m444| [39m    expectTypeOf[33m<[39m[33mRequires[39m[33m>[39m()[33m.[39mtoEqualTypeOf[33m<[39m[33mExpectedRequires[39m[33m>[39m()[33m;[39m
    [90m445| [39m  })[33m;[39m

[31m[2m⎯⎯⎯⎯⎯⎯⎯⎯⎯⎯⎯⎯⎯⎯⎯⎯⎯⎯⎯⎯⎯⎯[31/68]⎯[22m[39m

[41m[1m FAIL [22m[49m tests/provide.test-d.ts[2m > [22mprovide() accepts any valid Adapter type[2m > [22maccepts adapters with different lifetimes
[31m[1mTypeCheckError[22m: Type 'Port<Logger, "Logger"> | Port<Database, "Database"> | Port<ConfigService, "Config">' does not satisfy the constraint '{ [__brand] { 1 "Expected literal string Logger, Actual string" | "Expected literal string Database, Actual string" | "Expected literal string Config, Actual string"; 0 "Expected ..., Actual unknown"; }; __portName "Expected literal string Logger, Actual string" | ... 1 more ... | "Expected litera...'.
  Type 'Port<Logger, "Logger">' is not assignable to type '{ [__brand] { 1 "Expected literal string Logger, Actual string" | "Expected literal string Database, Actual string" | "Expected literal string Config, Actual string"; 0 "Expected ..., Actual unknown"; }; __portName "Expected literal string Logger, Actual string" | ... 1 more ... | "Expected litera...'.
    The types of '[__brand][1]' are incompatible between these types.
      Type '"Logger"' is not assignable to type '"Expected literal string Logger, Actual string" | "Expected literal string Database, Actual string" | "Expected literal string Config, Actual string"'.[39m
[36m [2m❯[22m tests/provide.test-d.ts:[2m502:7[22m[39m
    [90m500| [39m    type [33mProvides[39m [33m=[39m [33mInferGraphProvides[39m[33m<[39m[35mtypeof[39m builder[33m>[39m[33m;[39m
    [90m501| [39m    expectTypeOf[33m<[39m[33mProvides[39m[33m>[39m()[33m.[39mtoEqualTypeOf[33m<[39m
    [90m502| [39m      [33mLoggerPortType[39m [33m|[39m [33mDatabasePortType[39m [33m|[39m [33mConfigPortType[39m
    [90m   | [39m      [31m^[39m
    [90m503| [39m    [33m>[39m()[33m;[39m
    [90m504| [39m  })[33m;[39m

[31m[2m⎯⎯⎯⎯⎯⎯⎯⎯⎯⎯⎯⎯⎯⎯⎯⎯⎯⎯⎯⎯⎯⎯[32/68]⎯[22m[39m

[41m[1m FAIL [22m[49m tests/provide.test-d.ts[2m > [22mprovide() accepts any valid Adapter type[2m > [22maccepts inline adapter definitions
[31m[1mTypeCheckError[22m: Type 'Port<Logger, "Logger">' does not satisfy the constraint '{ [__brand] { 1 "Expected literal string Logger, Actual string"; 0 "Expected ..., Actual unknown"; }; __portName "Expected literal string Logger, Actual string"; }'.
  The types of '[__brand][1]' are incompatible between these types.
    Type '"Logger"' is not assignable to type '"Expected literal string Logger, Actual string"'.[39m
[36m [2m❯[22m tests/provide.test-d.ts:[2m517:44[22m[39m
    [90m515| [39m
    [90m516| [39m    type [33mProvides[39m [33m=[39m [33mInferGraphProvides[39m[33m<[39m[35mtypeof[39m builder[33m>[39m[33m;[39m
    [90m517| [39m    expectTypeOf[33m<[39m[33mProvides[39m[33m>[39m()[33m.[39mtoEqualTypeOf[33m<[39m[33mLoggerPortType[39m[33m>[39m()[33m;[39m
    [90m   | [39m                                           [31m^[39m
    [90m518| [39m  })[33m;[39m
    [90m519| [39m

[31m[2m⎯⎯⎯⎯⎯⎯⎯⎯⎯⎯⎯⎯⎯⎯⎯⎯⎯⎯⎯⎯⎯⎯[33/68]⎯[22m[39m

[41m[1m FAIL [22m[49m tests/provide.test-d.ts[2m > [22mprovide() accepts any valid Adapter type[2m > [22minfers adapter type correctly from parameter
[31m[1mTypeCheckError[22m: Type 'Port<Logger, "Logger">' does not satisfy the constraint '{ [__brand] { 1 "Expected literal string Logger, Actual string"; 0 "Expected ..., Actual unknown"; }; __portName "Expected literal string Logger, Actual string"; }'.
  The types of '[__brand][1]' are incompatible between these types.
    Type '"Logger"' is not assignable to type '"Expected literal string Logger, Actual string"'.[39m
[36m [2m❯[22m tests/provide.test-d.ts:[2m540:51[22m[39m
    [90m538| [39m    type [33mBuilderRequires[39m [33m=[39m [33mInferGraphRequires[39m[33m<[39m[35mtypeof[39m builder[33m>[39m[33m;[39m
    [90m539| [39m
    [90m540| [39m    expectTypeOf[33m<[39m[33mBuilderProvides[39m[33m>[39m()[33m.[39mtoEqualTypeOf[33m<[39m[33mExpectedProvides[39m[33m>[39m()[33m;[39m
    [90m   | [39m                                                  [31m^[39m
    [90m541| [39m    expectTypeOf[33m<[39m[33mBuilderRequires[39m[33m>[39m()[33m.[39mtoEqualTypeOf[33m<[39m[33mExpectedRequires[39m[33m>[39m()[33m;[39m
    [90m542| [39m  })[33m;[39m

[31m[2m⎯⎯⎯⎯⎯⎯⎯⎯⎯⎯⎯⎯⎯⎯⎯⎯⎯⎯⎯⎯⎯⎯[34/68]⎯[22m[39m

[41m[1m FAIL [22m[49m tests/type-utilities.test-d.ts[2m > [22mInferAdapterProvides<T> utility type[2m > [22mreturns never for non-Adapter types
[31m[1mTypeCheckError[22m: Type 'string' does not satisfy the constraint 'Adapter<Port<unknown, string>, Port<unknown, string>, Lifetime, FactoryKind>'.[39m
[36m [2m❯[22m tests/type-utilities.test-d.ts:[2m118:44[22m[39m
    [90m116| [39m
    [90m117| [39m  [34mit[39m([32m"returns never for non-Adapter types"[39m[33m,[39m () [33m=>[39m {
    [90m118| [39m    type [33mFromString[39m [33m=[39m [33mInferAdapterProvides[39m[33m<[39mstring[33m>[39m[33m;[39m
    [90m   | [39m                                           [31m^[39m
    [90m119| [39m    type [33mFromNumber[39m [33m=[39m [33mInferAdapterProvides[39m[33m<[39mnumber[33m>[39m[33m;[39m
    [90m120| [39m    type [33mFromBoolean[39m [33m=[39m [33mInferAdapterProvides[39m[33m<[39mboolean[33m>[39m[33m;[39m

[31m[2m⎯⎯⎯⎯⎯⎯⎯⎯⎯⎯⎯⎯⎯⎯⎯⎯⎯⎯⎯⎯⎯⎯[35/68]⎯[22m[39m

[41m[1m FAIL [22m[49m tests/type-utilities.test-d.ts[2m > [22mInferAdapterProvides<T> utility type[2m > [22mreturns never for non-Adapter types
[31m[1mTypeCheckError[22m: Type 'number' does not satisfy the constraint 'Adapter<Port<unknown, string>, Port<unknown, string>, Lifetime, FactoryKind>'.[39m
[36m [2m❯[22m tests/type-utilities.test-d.ts:[2m119:44[22m[39m
    [90m117| [39m  [34mit[39m([32m"returns never for non-Adapter types"[39m[33m,[39m () [33m=>[39m {
    [90m118| [39m    type [33mFromString[39m [33m=[39m [33mInferAdapterProvides[39m[33m<[39mstring[33m>[39m[33m;[39m
    [90m119| [39m    type [33mFromNumber[39m [33m=[39m [33mInferAdapterProvides[39m[33m<[39mnumber[33m>[39m[33m;[39m
    [90m   | [39m                                           [31m^[39m
    [90m120| [39m    type [33mFromBoolean[39m [33m=[39m [33mInferAdapterProvides[39m[33m<[39mboolean[33m>[39m[33m;[39m
    [90m121| [39m    type [33mFromObject[39m [33m=[39m [33mInferAdapterProvides[39m[33m<[39m{ foo[33m:[39m string }[33m>[39m[33m;[39m

[31m[2m⎯⎯⎯⎯⎯⎯⎯⎯⎯⎯⎯⎯⎯⎯⎯⎯⎯⎯⎯⎯⎯⎯[36/68]⎯[22m[39m

[41m[1m FAIL [22m[49m tests/type-utilities.test-d.ts[2m > [22mInferAdapterProvides<T> utility type[2m > [22mreturns never for non-Adapter types
[31m[1mTypeCheckError[22m: Type 'boolean' does not satisfy the constraint 'Adapter<Port<unknown, string>, Port<unknown, string>, Lifetime, FactoryKind>'.[39m
[36m [2m❯[22m tests/type-utilities.test-d.ts:[2m120:45[22m[39m
    [90m118| [39m    type [33mFromString[39m [33m=[39m [33mInferAdapterProvides[39m[33m<[39mstring[33m>[39m[33m;[39m
    [90m119| [39m    type [33mFromNumber[39m [33m=[39m [33mInferAdapterProvides[39m[33m<[39mnumber[33m>[39m[33m;[39m
    [90m120| [39m    type [33mFromBoolean[39m [33m=[39m [33mInferAdapterProvides[39m[33m<[39mboolean[33m>[39m[33m;[39m
    [90m   | [39m                                            [31m^[39m
    [90m121| [39m    type [33mFromObject[39m [33m=[39m [33mInferAdapterProvides[39m[33m<[39m{ foo[33m:[39m string }[33m>[39m[33m;[39m
    [90m122| [39m    type [33mFromArray[39m [33m=[39m [33mInferAdapterProvides[39m[33m<[39mstring[][33m>[39m[33m;[39m

[31m[2m⎯⎯⎯⎯⎯⎯⎯⎯⎯⎯⎯⎯⎯⎯⎯⎯⎯⎯⎯⎯⎯⎯[37/68]⎯[22m[39m

[41m[1m FAIL [22m[49m tests/type-utilities.test-d.ts[2m > [22mInferAdapterProvides<T> utility type[2m > [22mreturns never for non-Adapter types
[31m[1mTypeCheckError[22m: Type '{ foo string; }' does not satisfy the constraint 'Adapter<Port<unknown, string>, Port<unknown, string>, Lifetime, FactoryKind>'.
  Type '{ foo string; }' is missing the following properties from type 'Adapter<Port<unknown, string>, Port<unknown, string>, Lifetime, FactoryKind>' provides, requires, lifetime, factoryKind, factory[39m
[36m [2m❯[22m tests/type-utilities.test-d.ts:[2m121:44[22m[39m
    [90m119| [39m    type [33mFromNumber[39m [33m=[39m [33mInferAdapterProvides[39m[33m<[39mnumber[33m>[39m[33m;[39m
    [90m120| [39m    type [33mFromBoolean[39m [33m=[39m [33mInferAdapterProvides[39m[33m<[39mboolean[33m>[39m[33m;[39m
    [90m121| [39m    type [33mFromObject[39m [33m=[39m [33mInferAdapterProvides[39m[33m<[39m{ foo[33m:[39m string }[33m>[39m[33m;[39m
    [90m   | [39m                                           [31m^[39m
    [90m122| [39m    type [33mFromArray[39m [33m=[39m [33mInferAdapterProvides[39m[33m<[39mstring[][33m>[39m[33m;[39m
    [90m123| [39m    type [33mFromFunction[39m [33m=[39m [33mInferAdapterProvides[39m[33m<[39m() [33m=>[39m [35mvoid[39m[33m>[39m[33m;[39m

[31m[2m⎯⎯⎯⎯⎯⎯⎯⎯⎯⎯⎯⎯⎯⎯⎯⎯⎯⎯⎯⎯⎯⎯[38/68]⎯[22m[39m

[41m[1m FAIL [22m[49m tests/type-utilities.test-d.ts[2m > [22mInferAdapterProvides<T> utility type[2m > [22mreturns never for non-Adapter types
[31m[1mTypeCheckError[22m: Type 'string[]' does not satisfy the constraint 'Adapter<Port<unknown, string>, Port<unknown, string>, Lifetime, FactoryKind>'.
  Type 'string[]' is missing the following properties from type 'Adapter<Port<unknown, string>, Port<unknown, string>, Lifetime, FactoryKind>' provides, requires, lifetime, factoryKind, factory[39m
[36m [2m❯[22m tests/type-utilities.test-d.ts:[2m122:43[22m[39m
    [90m120| [39m    type [33mFromBoolean[39m [33m=[39m [33mInferAdapterProvides[39m[33m<[39mboolean[33m>[39m[33m;[39m
    [90m121| [39m    type [33mFromObject[39m [33m=[39m [33mInferAdapterProvides[39m[33m<[39m{ foo[33m:[39m string }[33m>[39m[33m;[39m
    [90m122| [39m    type [33mFromArray[39m [33m=[39m [33mInferAdapterProvides[39m[33m<[39mstring[][33m>[39m[33m;[39m
    [90m   | [39m                                          [31m^[39m
    [90m123| [39m    type [33mFromFunction[39m [33m=[39m [33mInferAdapterProvides[39m[33m<[39m() [33m=>[39m [35mvoid[39m[33m>[39m[33m;[39m
    [90m124| [39m    type [33mFromNull[39m [33m=[39m [33mInferAdapterProvides[39m[33m<[39m[35mnull[39m[33m>[39m[33m;[39m

[31m[2m⎯⎯⎯⎯⎯⎯⎯⎯⎯⎯⎯⎯⎯⎯⎯⎯⎯⎯⎯⎯⎯⎯[39/68]⎯[22m[39m

[41m[1m FAIL [22m[49m tests/type-utilities.test-d.ts[2m > [22mInferAdapterProvides<T> utility type[2m > [22mreturns never for non-Adapter types
[31m[1mTypeCheckError[22m: Type '() => void' does not satisfy the constraint 'Adapter<Port<unknown, string>, Port<unknown, string>, Lifetime, FactoryKind>'.[39m
[36m [2m❯[22m tests/type-utilities.test-d.ts:[2m123:46[22m[39m
    [90m121| [39m    type [33mFromObject[39m [33m=[39m [33mInferAdapterProvides[39m[33m<[39m{ foo[33m:[39m string }[33m>[39m[33m;[39m
    [90m122| [39m    type [33mFromArray[39m [33m=[39m [33mInferAdapterProvides[39m[33m<[39mstring[][33m>[39m[33m;[39m
    [90m123| [39m    type [33mFromFunction[39m [33m=[39m [33mInferAdapterProvides[39m[33m<[39m() [33m=>[39m [35mvoid[39m[33m>[39m[33m;[39m
    [90m   | [39m                                             [31m^[39m
    [90m124| [39m    type [33mFromNull[39m [33m=[39m [33mInferAdapterProvides[39m[33m<[39m[35mnull[39m[33m>[39m[33m;[39m
    [90m125| [39m    type [33mFromUndefined[39m [33m=[39m [33mInferAdapterProvides[39m[33m<[39mundefined[33m>[39m[33m;[39m

[31m[2m⎯⎯⎯⎯⎯⎯⎯⎯⎯⎯⎯⎯⎯⎯⎯⎯⎯⎯⎯⎯⎯⎯[40/68]⎯[22m[39m

[41m[1m FAIL [22m[49m tests/type-utilities.test-d.ts[2m > [22mInferAdapterProvides<T> utility type[2m > [22mreturns never for non-Adapter types
[31m[1mTypeCheckError[22m: Type 'null' does not satisfy the constraint 'Adapter<Port<unknown, string>, Port<unknown, string>, Lifetime, FactoryKind>'.[39m
[36m [2m❯[22m tests/type-utilities.test-d.ts:[2m124:42[22m[39m
    [90m122| [39m    type [33mFromArray[39m [33m=[39m [33mInferAdapterProvides[39m[33m<[39mstring[][33m>[39m[33m;[39m
    [90m123| [39m    type [33mFromFunction[39m [33m=[39m [33mInferAdapterProvides[39m[33m<[39m() [33m=>[39m [35mvoid[39m[33m>[39m[33m;[39m
    [90m124| [39m    type [33mFromNull[39m [33m=[39m [33mInferAdapterProvides[39m[33m<[39m[35mnull[39m[33m>[39m[33m;[39m
    [90m   | [39m                                         [31m^[39m
    [90m125| [39m    type [33mFromUndefined[39m [33m=[39m [33mInferAdapterProvides[39m[33m<[39mundefined[33m>[39m[33m;[39m
    [90m126| [39m

[31m[2m⎯⎯⎯⎯⎯⎯⎯⎯⎯⎯⎯⎯⎯⎯⎯⎯⎯⎯⎯⎯⎯⎯[41/68]⎯[22m[39m

[41m[1m FAIL [22m[49m tests/type-utilities.test-d.ts[2m > [22mInferAdapterProvides<T> utility type[2m > [22mreturns never for non-Adapter types
[31m[1mTypeCheckError[22m: Type 'undefined' does not satisfy the constraint 'Adapter<Port<unknown, string>, Port<unknown, string>, Lifetime, FactoryKind>'.[39m
[36m [2m❯[22m tests/type-utilities.test-d.ts:[2m125:47[22m[39m
    [90m123| [39m    type [33mFromFunction[39m [33m=[39m [33mInferAdapterProvides[39m[33m<[39m() [33m=>[39m [35mvoid[39m[33m>[39m[33m;[39m
    [90m124| [39m    type [33mFromNull[39m [33m=[39m [33mInferAdapterProvides[39m[33m<[39m[35mnull[39m[33m>[39m[33m;[39m
    [90m125| [39m    type [33mFromUndefined[39m [33m=[39m [33mInferAdapterProvides[39m[33m<[39mundefined[33m>[39m[33m;[39m
    [90m   | [39m                                              [31m^[39m
    [90m126| [39m
    [90m127| [39m    expectTypeOf[33m<[39m[33mFromString[39m[33m>[39m()[33m.[39m[34mtoBeNever[39m()[33m;[39m

[31m[2m⎯⎯⎯⎯⎯⎯⎯⎯⎯⎯⎯⎯⎯⎯⎯⎯⎯⎯⎯⎯⎯⎯[42/68]⎯[22m[39m

[41m[1m FAIL [22m[49m tests/type-utilities.test-d.ts[2m > [22mInferAdapterProvides<T> utility type[2m > [22mreturns never for unknown type
[31m[1mTypeCheckError[22m: Type 'unknown' does not satisfy the constraint 'Adapter<Port<unknown, string>, Port<unknown, string>, Lifetime, FactoryKind>'.[39m
[36m [2m❯[22m tests/type-utilities.test-d.ts:[2m144:45[22m[39m
    [90m142| [39m
    [90m143| [39m  [34mit[39m([32m"returns never for unknown type"[39m[33m,[39m () [33m=>[39m {
    [90m144| [39m    type [33mFromUnknown[39m [33m=[39m [33mInferAdapterProvides[39m[33m<[39munknown[33m>[39m[33m;[39m
    [90m   | [39m                                            [31m^[39m
    [90m145| [39m
    [90m146| [39m    expectTypeOf[33m<[39m[33mFromUnknown[39m[33m>[39m()[33m.[39m[34mtoBeNever[39m()[33m;[39m

[31m[2m⎯⎯⎯⎯⎯⎯⎯⎯⎯⎯⎯⎯⎯⎯⎯⎯⎯⎯⎯⎯⎯⎯[43/68]⎯[22m[39m

[41m[1m FAIL [22m[49m tests/type-utilities.test-d.ts[2m > [22mInferAdapterRequires<T> utility type[2m > [22mreturns never for non-Adapter types
[31m[1mTypeCheckError[22m: Type 'string' does not satisfy the constraint 'Adapter<Port<unknown, string>, Port<unknown, string>, Lifetime, FactoryKind>'.[39m
[36m [2m❯[22m tests/type-utilities.test-d.ts:[2m191:44[22m[39m
    [90m189| [39m
    [90m190| [39m  [34mit[39m([32m"returns never for non-Adapter types"[39m[33m,[39m () [33m=>[39m {
    [90m191| [39m    type [33mFromString[39m [33m=[39m [33mInferAdapterRequires[39m[33m<[39mstring[33m>[39m[33m;[39m
    [90m   | [39m                                           [31m^[39m
    [90m192| [39m    type [33mFromNumber[39m [33m=[39m [33mInferAdapterRequires[39m[33m<[39mnumber[33m>[39m[33m;[39m
    [90m193| [39m    type [33mFromBoolean[39m [33m=[39m [33mInferAdapterRequires[39m[33m<[39mboolean[33m>[39m[33m;[39m

[31m[2m⎯⎯⎯⎯⎯⎯⎯⎯⎯⎯⎯⎯⎯⎯⎯⎯⎯⎯⎯⎯⎯⎯[44/68]⎯[22m[39m

[41m[1m FAIL [22m[49m tests/type-utilities.test-d.ts[2m > [22mInferAdapterRequires<T> utility type[2m > [22mreturns never for non-Adapter types
[31m[1mTypeCheckError[22m: Type 'number' does not satisfy the constraint 'Adapter<Port<unknown, string>, Port<unknown, string>, Lifetime, FactoryKind>'.[39m
[36m [2m❯[22m tests/type-utilities.test-d.ts:[2m192:44[22m[39m
    [90m190| [39m  [34mit[39m([32m"returns never for non-Adapter types"[39m[33m,[39m () [33m=>[39m {
    [90m191| [39m    type [33mFromString[39m [33m=[39m [33mInferAdapterRequires[39m[33m<[39mstring[33m>[39m[33m;[39m
    [90m192| [39m    type [33mFromNumber[39m [33m=[39m [33mInferAdapterRequires[39m[33m<[39mnumber[33m>[39m[33m;[39m
    [90m   | [39m                                           [31m^[39m
    [90m193| [39m    type [33mFromBoolean[39m [33m=[39m [33mInferAdapterRequires[39m[33m<[39mboolean[33m>[39m[33m;[39m
    [90m194| [39m    type [33mFromObject[39m [33m=[39m [33mInferAdapterRequires[39m[33m<[39m{ foo[33m:[39m string }[33m>[39m[33m;[39m

[31m[2m⎯⎯⎯⎯⎯⎯⎯⎯⎯⎯⎯⎯⎯⎯⎯⎯⎯⎯⎯⎯⎯⎯[45/68]⎯[22m[39m

[41m[1m FAIL [22m[49m tests/type-utilities.test-d.ts[2m > [22mInferAdapterRequires<T> utility type[2m > [22mreturns never for non-Adapter types
[31m[1mTypeCheckError[22m: Type 'boolean' does not satisfy the constraint 'Adapter<Port<unknown, string>, Port<unknown, string>, Lifetime, FactoryKind>'.[39m
[36m [2m❯[22m tests/type-utilities.test-d.ts:[2m193:45[22m[39m
    [90m191| [39m    type [33mFromString[39m [33m=[39m [33mInferAdapterRequires[39m[33m<[39mstring[33m>[39m[33m;[39m
    [90m192| [39m    type [33mFromNumber[39m [33m=[39m [33mInferAdapterRequires[39m[33m<[39mnumber[33m>[39m[33m;[39m
    [90m193| [39m    type [33mFromBoolean[39m [33m=[39m [33mInferAdapterRequires[39m[33m<[39mboolean[33m>[39m[33m;[39m
    [90m   | [39m                                            [31m^[39m
    [90m194| [39m    type [33mFromObject[39m [33m=[39m [33mInferAdapterRequires[39m[33m<[39m{ foo[33m:[39m string }[33m>[39m[33m;[39m
    [90m195| [39m    type [33mFromArray[39m [33m=[39m [33mInferAdapterRequires[39m[33m<[39mstring[][33m>[39m[33m;[39m

[31m[2m⎯⎯⎯⎯⎯⎯⎯⎯⎯⎯⎯⎯⎯⎯⎯⎯⎯⎯⎯⎯⎯⎯[46/68]⎯[22m[39m

[41m[1m FAIL [22m[49m tests/type-utilities.test-d.ts[2m > [22mInferAdapterRequires<T> utility type[2m > [22mreturns never for non-Adapter types
[31m[1mTypeCheckError[22m: Type '{ foo string; }' does not satisfy the constraint 'Adapter<Port<unknown, string>, Port<unknown, string>, Lifetime, FactoryKind>'.
  Type '{ foo string; }' is missing the following properties from type 'Adapter<Port<unknown, string>, Port<unknown, string>, Lifetime, FactoryKind>' provides, requires, lifetime, factoryKind, factory[39m
[36m [2m❯[22m tests/type-utilities.test-d.ts:[2m194:44[22m[39m
    [90m192| [39m    type [33mFromNumber[39m [33m=[39m [33mInferAdapterRequires[39m[33m<[39mnumber[33m>[39m[33m;[39m
    [90m193| [39m    type [33mFromBoolean[39m [33m=[39m [33mInferAdapterRequires[39m[33m<[39mboolean[33m>[39m[33m;[39m
    [90m194| [39m    type [33mFromObject[39m [33m=[39m [33mInferAdapterRequires[39m[33m<[39m{ foo[33m:[39m string }[33m>[39m[33m;[39m
    [90m   | [39m                                           [31m^[39m
    [90m195| [39m    type [33mFromArray[39m [33m=[39m [33mInferAdapterRequires[39m[33m<[39mstring[][33m>[39m[33m;[39m
    [90m196| [39m    type [33mFromFunction[39m [33m=[39m [33mInferAdapterRequires[39m[33m<[39m() [33m=>[39m [35mvoid[39m[33m>[39m[33m;[39m

[31m[2m⎯⎯⎯⎯⎯⎯⎯⎯⎯⎯⎯⎯⎯⎯⎯⎯⎯⎯⎯⎯⎯⎯[47/68]⎯[22m[39m

[41m[1m FAIL [22m[49m tests/type-utilities.test-d.ts[2m > [22mInferAdapterRequires<T> utility type[2m > [22mreturns never for non-Adapter types
[31m[1mTypeCheckError[22m: Type 'string[]' does not satisfy the constraint 'Adapter<Port<unknown, string>, Port<unknown, string>, Lifetime, FactoryKind>'.
  Type 'string[]' is missing the following properties from type 'Adapter<Port<unknown, string>, Port<unknown, string>, Lifetime, FactoryKind>' provides, requires, lifetime, factoryKind, factory[39m
[36m [2m❯[22m tests/type-utilities.test-d.ts:[2m195:43[22m[39m
    [90m193| [39m    type [33mFromBoolean[39m [33m=[39m [33mInferAdapterRequires[39m[33m<[39mboolean[33m>[39m[33m;[39m
    [90m194| [39m    type [33mFromObject[39m [33m=[39m [33mInferAdapterRequires[39m[33m<[39m{ foo[33m:[39m string }[33m>[39m[33m;[39m
    [90m195| [39m    type [33mFromArray[39m [33m=[39m [33mInferAdapterRequires[39m[33m<[39mstring[][33m>[39m[33m;[39m
    [90m   | [39m                                          [31m^[39m
    [90m196| [39m    type [33mFromFunction[39m [33m=[39m [33mInferAdapterRequires[39m[33m<[39m() [33m=>[39m [35mvoid[39m[33m>[39m[33m;[39m
    [90m197| [39m

[31m[2m⎯⎯⎯⎯⎯⎯⎯⎯⎯⎯⎯⎯⎯⎯⎯⎯⎯⎯⎯⎯⎯⎯[48/68]⎯[22m[39m

[41m[1m FAIL [22m[49m tests/type-utilities.test-d.ts[2m > [22mInferAdapterRequires<T> utility type[2m > [22mreturns never for non-Adapter types
[31m[1mTypeCheckError[22m: Type '() => void' does not satisfy the constraint 'Adapter<Port<unknown, string>, Port<unknown, string>, Lifetime, FactoryKind>'.[39m
[36m [2m❯[22m tests/type-utilities.test-d.ts:[2m196:46[22m[39m
    [90m194| [39m    type [33mFromObject[39m [33m=[39m [33mInferAdapterRequires[39m[33m<[39m{ foo[33m:[39m string }[33m>[39m[33m;[39m
    [90m195| [39m    type [33mFromArray[39m [33m=[39m [33mInferAdapterRequires[39m[33m<[39mstring[][33m>[39m[33m;[39m
    [90m196| [39m    type [33mFromFunction[39m [33m=[39m [33mInferAdapterRequires[39m[33m<[39m() [33m=>[39m [35mvoid[39m[33m>[39m[33m;[39m
    [90m   | [39m                                             [31m^[39m
    [90m197| [39m
    [90m198| [39m    expectTypeOf[33m<[39m[33mFromString[39m[33m>[39m()[33m.[39m[34mtoBeNever[39m()[33m;[39m

[31m[2m⎯⎯⎯⎯⎯⎯⎯⎯⎯⎯⎯⎯⎯⎯⎯⎯⎯⎯⎯⎯⎯⎯[49/68]⎯[22m[39m

[41m[1m FAIL [22m[49m tests/type-utilities.test-d.ts[2m > [22mInferAdapterLifetime<T> utility type[2m > [22mreturns never for non-Adapter types
[31m[1mTypeCheckError[22m: Type 'string' does not satisfy the constraint 'Adapter<Port<unknown, string>, Port<unknown, string>, Lifetime, FactoryKind>'.[39m
[36m [2m❯[22m tests/type-utilities.test-d.ts:[2m247:44[22m[39m
    [90m245| [39m
    [90m246| [39m  [34mit[39m([32m"returns never for non-Adapter types"[39m[33m,[39m () [33m=>[39m {
    [90m247| [39m    type [33mFromString[39m [33m=[39m [33mInferAdapterLifetime[39m[33m<[39mstring[33m>[39m[33m;[39m
    [90m   | [39m                                           [31m^[39m
    [90m248| [39m    type [33mFromNumber[39m [33m=[39m [33mInferAdapterLifetime[39m[33m<[39mnumber[33m>[39m[33m;[39m
    [90m249| [39m    type [33mFromBoolean[39m [33m=[39m [33mInferAdapterLifetime[39m[33m<[39mboolean[33m>[39m[33m;[39m

[31m[2m⎯⎯⎯⎯⎯⎯⎯⎯⎯⎯⎯⎯⎯⎯⎯⎯⎯⎯⎯⎯⎯⎯[50/68]⎯[22m[39m

[41m[1m FAIL [22m[49m tests/type-utilities.test-d.ts[2m > [22mInferAdapterLifetime<T> utility type[2m > [22mreturns never for non-Adapter types
[31m[1mTypeCheckError[22m: Type 'number' does not satisfy the constraint 'Adapter<Port<unknown, string>, Port<unknown, string>, Lifetime, FactoryKind>'.[39m
[36m [2m❯[22m tests/type-utilities.test-d.ts:[2m248:44[22m[39m
    [90m246| [39m  [34mit[39m([32m"returns never for non-Adapter types"[39m[33m,[39m () [33m=>[39m {
    [90m247| [39m    type [33mFromString[39m [33m=[39m [33mInferAdapterLifetime[39m[33m<[39mstring[33m>[39m[33m;[39m
    [90m248| [39m    type [33mFromNumber[39m [33m=[39m [33mInferAdapterLifetime[39m[33m<[39mnumber[33m>[39m[33m;[39m
    [90m   | [39m                                           [31m^[39m
    [90m249| [39m    type [33mFromBoolean[39m [33m=[39m [33mInferAdapterLifetime[39m[33m<[39mboolean[33m>[39m[33m;[39m
    [90m250| [39m    type [33mFromObject[39m [33m=[39m [33mInferAdapterLifetime[39m[33m<[39m{ foo[33m:[39m string }[33m>[39m[33m;[39m

[31m[2m⎯⎯⎯⎯⎯⎯⎯⎯⎯⎯⎯⎯⎯⎯⎯⎯⎯⎯⎯⎯⎯⎯[51/68]⎯[22m[39m

[41m[1m FAIL [22m[49m tests/type-utilities.test-d.ts[2m > [22mInferAdapterLifetime<T> utility type[2m > [22mreturns never for non-Adapter types
[31m[1mTypeCheckError[22m: Type 'boolean' does not satisfy the constraint 'Adapter<Port<unknown, string>, Port<unknown, string>, Lifetime, FactoryKind>'.[39m
[36m [2m❯[22m tests/type-utilities.test-d.ts:[2m249:45[22m[39m
    [90m247| [39m    type [33mFromString[39m [33m=[39m [33mInferAdapterLifetime[39m[33m<[39mstring[33m>[39m[33m;[39m
    [90m248| [39m    type [33mFromNumber[39m [33m=[39m [33mInferAdapterLifetime[39m[33m<[39mnumber[33m>[39m[33m;[39m
    [90m249| [39m    type [33mFromBoolean[39m [33m=[39m [33mInferAdapterLifetime[39m[33m<[39mboolean[33m>[39m[33m;[39m
    [90m   | [39m                                            [31m^[39m
    [90m250| [39m    type [33mFromObject[39m [33m=[39m [33mInferAdapterLifetime[39m[33m<[39m{ foo[33m:[39m string }[33m>[39m[33m;[39m
    [90m251| [39m    type [33mFromLifetime[39m [33m=[39m [33mInferAdapterLifetime[39m[33m<[39m[33mLifetime[39m[33m>[39m[33m;[39m

[31m[2m⎯⎯⎯⎯⎯⎯⎯⎯⎯⎯⎯⎯⎯⎯⎯⎯⎯⎯⎯⎯⎯⎯[52/68]⎯[22m[39m

[41m[1m FAIL [22m[49m tests/type-utilities.test-d.ts[2m > [22mInferAdapterLifetime<T> utility type[2m > [22mreturns never for non-Adapter types
[31m[1mTypeCheckError[22m: Type '{ foo string; }' does not satisfy the constraint 'Adapter<Port<unknown, string>, Port<unknown, string>, Lifetime, FactoryKind>'.
  Type '{ foo string; }' is missing the following properties from type 'Adapter<Port<unknown, string>, Port<unknown, string>, Lifetime, FactoryKind>' provides, requires, lifetime, factoryKind, factory[39m
[36m [2m❯[22m tests/type-utilities.test-d.ts:[2m250:44[22m[39m
    [90m248| [39m    type [33mFromNumber[39m [33m=[39m [33mInferAdapterLifetime[39m[33m<[39mnumber[33m>[39m[33m;[39m
    [90m249| [39m    type [33mFromBoolean[39m [33m=[39m [33mInferAdapterLifetime[39m[33m<[39mboolean[33m>[39m[33m;[39m
    [90m250| [39m    type [33mFromObject[39m [33m=[39m [33mInferAdapterLifetime[39m[33m<[39m{ foo[33m:[39m string }[33m>[39m[33m;[39m
    [90m   | [39m                                           [31m^[39m
    [90m251| [39m    type [33mFromLifetime[39m [33m=[39m [33mInferAdapterLifetime[39m[33m<[39m[33mLifetime[39m[33m>[39m[33m;[39m
    [90m252| [39m

[31m[2m⎯⎯⎯⎯⎯⎯⎯⎯⎯⎯⎯⎯⎯⎯⎯⎯⎯⎯⎯⎯⎯⎯[53/68]⎯[22m[39m

[41m[1m FAIL [22m[49m tests/type-utilities.test-d.ts[2m > [22mInferAdapterLifetime<T> utility type[2m > [22mreturns never for non-Adapter types
[31m[1mTypeCheckError[22m: Type 'string' does not satisfy the constraint 'Adapter<Port<unknown, string>, Port<unknown, string>, Lifetime, FactoryKind>'.
  Type 'string' is not assignable to type 'Adapter<Port<unknown, string>, Port<unknown, string>, Lifetime, FactoryKind>'.[39m
[36m [2m❯[22m tests/type-utilities.test-d.ts:[2m251:46[22m[39m
    [90m249| [39m    type [33mFromBoolean[39m [33m=[39m [33mInferAdapterLifetime[39m[33m<[39mboolean[33m>[39m[33m;[39m
    [90m250| [39m    type [33mFromObject[39m [33m=[39m [33mInferAdapterLifetime[39m[33m<[39m{ foo[33m:[39m string }[33m>[39m[33m;[39m
    [90m251| [39m    type [33mFromLifetime[39m [33m=[39m [33mInferAdapterLifetime[39m[33m<[39m[33mLifetime[39m[33m>[39m[33m;[39m
    [90m   | [39m                                             [31m^[39m
    [90m252| [39m
    [90m253| [39m    expectTypeOf[33m<[39m[33mFromString[39m[33m>[39m()[33m.[39m[34mtoBeNever[39m()[33m;[39m

[31m[2m⎯⎯⎯⎯⎯⎯⎯⎯⎯⎯⎯⎯⎯⎯⎯⎯⎯⎯⎯⎯⎯⎯[54/68]⎯[22m[39m

[41m[1m FAIL [22m[49m tests/type-utilities.test-d.ts[2m > [22mInferGraphProvides<T> utility type[2m > [22mextracts provided ports from builder with single adapter
[31m[1mTypeCheckError[22m: Type 'Port<Logger, "Logger">' does not satisfy the constraint '{ [__brand] { 1 "Expected literal string Logger, Actual string"; 0 "Expected ..., Actual unknown"; }; __portName "Expected literal string Logger, Actual string"; }'.
  The types of '[__brand][1]' are incompatible between these types.
    Type '"Logger"' is not assignable to type '"Expected literal string Logger, Actual string"'.[39m
[36m [2m❯[22m tests/type-utilities.test-d.ts:[2m276:42[22m[39m
    [90m274| [39m    type [33mResult[39m [33m=[39m [33mInferGraphProvides[39m[33m<[39m[35mtypeof[39m builder[33m>[39m[33m;[39m
    [90m275| [39m
    [90m276| [39m    expectTypeOf[33m<[39m[33mResult[39m[33m>[39m()[33m.[39mtoEqualTypeOf[33m<[39m[33mLoggerPortType[39m[33m>[39m()[33m;[39m
    [90m   | [39m                                         [31m^[39m
    [90m277| [39m  })[33m;[39m
    [90m278| [39m

[31m[2m⎯⎯⎯⎯⎯⎯⎯⎯⎯⎯⎯⎯⎯⎯⎯⎯⎯⎯⎯⎯⎯⎯[55/68]⎯[22m[39m

[41m[1m FAIL [22m[49m tests/type-utilities.test-d.ts[2m > [22mInferGraphProvides<T> utility type[2m > [22mextracts provided ports union from builder with multiple adapters
[31m[1mTypeCheckError[22m: Type 'Port<Logger, "Logger"> | Port<Database, "Database"> | Port<ConfigService, "Config">' does not satisfy the constraint '{ [__brand] { 1 "Expected literal string Logger, Actual string" | "Expected literal string Database, Actual string" | "Expected literal string Config, Actual string"; 0 "Expected ..., Actual unknown"; }; __portName "Expected literal string Logger, Actual string" | ... 1 more ... | "Expected litera...'.
  Type 'Port<Logger, "Logger">' is not assignable to type '{ [__brand] { 1 "Expected literal string Logger, Actual string" | "Expected literal string Database, Actual string" | "Expected literal string Config, Actual string"; 0 "Expected ..., Actual unknown"; }; __portName "Expected literal string Logger, Actual string" | ... 1 more ... | "Expected litera...'.
    The types of '[__brand][1]' are incompatible between these types.
      Type '"Logger"' is not assignable to type '"Expected literal string Logger, Actual string" | "Expected literal string Database, Actual string" | "Expected literal string Config, Actual string"'.[39m
[36m [2m❯[22m tests/type-utilities.test-d.ts:[2m287:7[22m[39m
    [90m285| [39m
    [90m286| [39m    expectTypeOf[33m<[39m[33mResult[39m[33m>[39m()[33m.[39mtoEqualTypeOf[33m<[39m
    [90m287| [39m      [33mLoggerPortType[39m [33m|[39m [33mDatabasePortType[39m [33m|[39m [33mConfigPortType[39m
    [90m   | [39m      [31m^[39m
    [90m288| [39m    [33m>[39m()[33m;[39m
    [90m289| [39m  })[33m;[39m

[31m[2m⎯⎯⎯⎯⎯⎯⎯⎯⎯⎯⎯⎯⎯⎯⎯⎯⎯⎯⎯⎯⎯⎯[56/68]⎯[22m[39m

[41m[1m FAIL [22m[49m tests/type-utilities.test-d.ts[2m > [22mInferGraphProvides<T> utility type[2m > [22mextracts never from empty builder
[31m[1mTypeCheckError[22m: This expression is not callable. Type 'ExpectNever<Port<unknown, string>>' has no call signatures.[39m
[36m [2m❯[22m tests/type-utilities.test-d.ts:[2m295:28[22m[39m
    [90m293| [39m    type [33mResult[39m [33m=[39m [33mInferGraphProvides[39m[33m<[39m[35mtypeof[39m builder[33m>[39m[33m;[39m
    [90m294| [39m
    [90m295| [39m    expectTypeOf[33m<[39m[33mResult[39m[33m>[39m()[33m.[39m[34mtoBeNever[39m()[33m;[39m
    [90m   | [39m                           [31m^[39m
    [90m296| [39m  })[33m;[39m
    [90m297| [39m

[31m[2m⎯⎯⎯⎯⎯⎯⎯⎯⎯⎯⎯⎯⎯⎯⎯⎯⎯⎯⎯⎯⎯⎯[57/68]⎯[22m[39m

[41m[1m FAIL [22m[49m tests/type-utilities.test-d.ts[2m > [22mInferGraphProvides<T> utility type[2m > [22mextracts from manually typed GraphBuilder
[31m[1mTypeCheckError[22m: Type 'Port<Logger, "Logger"> | Port<Database, "Database">' does not satisfy the constraint '{ [__brand] { 1 "Expected literal string Logger, Actual string" | "Expected literal string Database, Actual string"; 0 "Expected ..., Actual unknown"; }; __portName "Expected literal string Logger, Actual string" | "Expected literal string Database, Actual string"; }'.
  Type 'Port<Logger, "Logger">' is not assignable to type '{ [__brand] { 1 "Expected literal string Logger, Actual string" | "Expected literal string Database, Actual string"; 0 "Expected ..., Actual unknown"; }; __portName "Expected literal string Logger, Actual string" | "Expected literal string Database, Actual string"; }'.
    The types of '[__brand][1]' are incompatible between these types.
      Type '"Logger"' is not assignable to type '"Expected literal string Logger, Actual string" | "Expected literal string Database, Actual string"'.[39m
[36m [2m❯[22m tests/type-utilities.test-d.ts:[2m305:42[22m[39m
    [90m303| [39m    type [33mResult[39m [33m=[39m [33mInferGraphProvides[39m[33m<[39m[33mManualBuilder[39m[33m>[39m[33m;[39m
    [90m304| [39m
    [90m305| [39m    expectTypeOf<Result>().toEqualTypeOf<LoggerPortType | DatabasePort…
    [90m   | [39m                                         [31m^[39m
    [90m306| [39m  })[33m;[39m
    [90m307| [39m

[31m[2m⎯⎯⎯⎯⎯⎯⎯⎯⎯⎯⎯⎯⎯⎯⎯⎯⎯⎯⎯⎯⎯⎯[58/68]⎯[22m[39m

[41m[1m FAIL [22m[49m tests/type-utilities.test-d.ts[2m > [22mutility type composition[2m > [22mutilities work together to extract builder information
[31m[1mTypeCheckError[22m: Type 'Port<Logger, "Logger"> | Port<Database, "Database"> | Port<UserService, "UserService">' does not satisfy the constraint '{ [__brand] { 1 "Expected literal string UserService, Actual string" | "Expected literal string Logger, Actual string" | "Expected literal string Database, Actual string"; 0 "Expected ..., Actual unknown"; }; __portName "Expected literal string UserService, Actual string" | ... 1 more ... | "Expect...'.
  Type 'Port<Logger, "Logger">' is not assignable to type '{ [__brand] { 1 "Expected literal string UserService, Actual string" | "Expected literal string Logger, Actual string" | "Expected literal string Database, Actual string"; 0 "Expected ..., Actual unknown"; }; __portName "Expected literal string UserService, Actual string" | ... 1 more ... | "Expect...'.
    The types of '[__brand][1]' are incompatible between these types.
      Type '"Logger"' is not assignable to type '"Expected literal string UserService, Actual string" | "Expected literal string Logger, Actual string" | "Expected literal string Database, Actual string"'.[39m
[36m [2m❯[22m tests/type-utilities.test-d.ts:[2m437:7[22m[39m
    [90m435| [39m
    [90m436| [39m    expectTypeOf[33m<[39m[33mProvides[39m[33m>[39m()[33m.[39mtoEqualTypeOf[33m<[39m
    [90m437| [39m      [33mLoggerPortType[39m [33m|[39m [33mDatabasePortType[39m [33m|[39m [33mUserServicePortType[39m
    [90m   | [39m      [31m^[39m
    [90m438| [39m    [33m>[39m()[33m;[39m
    [90m439| [39m    expectTypeOf<Requires>().toEqualTypeOf<LoggerPortType | DatabasePo…

[31m[2m⎯⎯⎯⎯⎯⎯⎯⎯⎯⎯⎯⎯⎯⎯⎯⎯⎯⎯⎯⎯⎯⎯[59/68]⎯[22m[39m

[41m[1m FAIL [22m[49m tests/type-utilities.test-d.ts[2m > [22mutility type composition[2m > [22madapter utilities match graph builder accumulation
[31m[1mTypeCheckError[22m: Type 'Port<unknown, string>' does not satisfy the constraint '{ [__brand] { 1 "Expected string, Actual never"; 0 { getUser "Expected never, Actual function"; }; }; __portName "Expected string, Actual never"; }'.
  The types of '[__brand][1]' are incompatible between these types.
    Type 'string' is not assignable to type '"Expected string, Actual never"'.[39m
[36m [2m❯[22m tests/type-utilities.test-d.ts:[2m455:51[22m[39m
    [90m453| [39m
    [90m454| [39m    [90m// For a single adapter, they should match[39m
    [90m455| [39m    expectTypeOf[33m<[39m[33mAdapterProvides[39m[33m>[39m()[33m.[39mtoEqualTypeOf[33m<[39m[33mBuilderProvides[39m[33m>[39m()[33m;[39m
    [90m   | [39m                                                  [31m^[39m
    [90m456| [39m    expectTypeOf[33m<[39m[33mAdapterRequires[39m[33m>[39m()[33m.[39mtoEqualTypeOf[33m<[39m[33mBuilderRequires[39m[33m>[39m()[33m;[39m
    [90m457| [39m  })[33m;[39m

[31m[2m⎯⎯⎯⎯⎯⎯⎯⎯⎯⎯⎯⎯⎯⎯⎯⎯⎯⎯⎯⎯⎯⎯[60/68]⎯[22m[39m

[41m[1m FAIL [22m[49m tests/validation.test-d.ts[2m > [22mpartial satisfaction correctly shows remaining ports[2m > [22mworks with real graph builder types
[31m[1mTypeCheckError[22m: Type 'Port<Logger, "Logger"> | Port<Database, "Database">' does not satisfy the constraint '"Expected ..., Actual never"'.
  Type 'Port<Logger, "Logger">' is not assignable to type '"Expected ..., Actual never"'.[39m
[36m [2m❯[22m tests/validation.test-d.ts:[2m278:38[22m[39m
    [90m276| [39m
    [90m277| [39m    [90m// UserService requires Logger and Database[39m
    [90m278| [39m    expectTypeOf<U1>().toEqualTypeOf<LoggerPortType | DatabasePortType…
    [90m   | [39m                                     [31m^[39m
    [90m279| [39m
    [90m280| [39m    [90m// Add Logger[39m

[31m[2m⎯⎯⎯⎯⎯⎯⎯⎯⎯⎯⎯⎯⎯⎯⎯⎯⎯⎯⎯⎯⎯⎯[61/68]⎯[22m[39m

[41m[1m FAIL [22m[49m tests/validation.test-d.ts[2m > [22mpartial satisfaction correctly shows remaining ports[2m > [22mworks with real graph builder types
[31m[1mTypeCheckError[22m: Type 'Port<Database, "Database">' does not satisfy the constraint '"Expected ..., Actual never"'.[39m
[36m [2m❯[22m tests/validation.test-d.ts:[2m287:38[22m[39m
    [90m285| [39m
    [90m286| [39m    [90m// Now only Database is missing[39m
    [90m287| [39m    expectTypeOf[33m<[39m[33mU2[39m[33m>[39m()[33m.[39mtoEqualTypeOf[33m<[39m[33mDatabasePortType[39m[33m>[39m()[33m;[39m
    [90m   | [39m                                     [31m^[39m
    [90m288| [39m
    [90m289| [39m    [90m// Add Database[39m

[31m[2m⎯⎯⎯⎯⎯⎯⎯⎯⎯⎯⎯⎯⎯⎯⎯⎯⎯⎯⎯⎯⎯⎯[62/68]⎯[22m[39m

[41m[1m FAIL [22m[49m tests/validation.test-d.ts[2m > [22morder of provide() calls doesn't affect validation result[2m > [22mincomplete graph same result regardless of order
[31m[1mTypeCheckError[22m: Type 'Port<Database, "Database">' does not satisfy the constraint '"Expected ..., Actual never"'.[39m
[36m [2m❯[22m tests/validation.test-d.ts:[2m404:38[22m[39m
    [90m402| [39m
    [90m403| [39m    [90m// Both should show Database as missing[39m
    [90m404| [39m    expectTypeOf[33m<[39m[33mU1[39m[33m>[39m()[33m.[39mtoEqualTypeOf[33m<[39m[33mDatabasePortType[39m[33m>[39m()[33m;[39m
    [90m   | [39m                                     [31m^[39m
    [90m405| [39m    expectTypeOf[33m<[39m[33mU2[39m[33m>[39m()[33m.[39mtoEqualTypeOf[33m<[39m[33mDatabasePortType[39m[33m>[39m()[33m;[39m
    [90m406| [39m  })[33m;[39m

[31m[2m⎯⎯⎯⎯⎯⎯⎯⎯⎯⎯⎯⎯⎯⎯⎯⎯⎯⎯⎯⎯⎯⎯[63/68]⎯[22m[39m

[41m[1m FAIL [22m[49m tests/validation.test-d.ts[2m > [22morder of provide() calls doesn't affect validation result[2m > [22mincomplete graph same result regardless of order
[31m[1mTypeCheckError[22m: Type 'Port<Database, "Database">' does not satisfy the constraint '"Expected ..., Actual never"'.[39m
[36m [2m❯[22m tests/validation.test-d.ts:[2m405:38[22m[39m
    [90m403| [39m    [90m// Both should show Database as missing[39m
    [90m404| [39m    expectTypeOf[33m<[39m[33mU1[39m[33m>[39m()[33m.[39mtoEqualTypeOf[33m<[39m[33mDatabasePortType[39m[33m>[39m()[33m;[39m
    [90m405| [39m    expectTypeOf[33m<[39m[33mU2[39m[33m>[39m()[33m.[39mtoEqualTypeOf[33m<[39m[33mDatabasePortType[39m[33m>[39m()[33m;[39m
    [90m   | [39m                                     [31m^[39m
    [90m406| [39m  })[33m;[39m
    [90m407| [39m

[31m[2m⎯⎯⎯⎯⎯⎯⎯⎯⎯⎯⎯⎯⎯⎯⎯⎯⎯⎯⎯⎯⎯⎯[64/68]⎯[22m[39m

[41m[1m FAIL [22m[49m tests/validation.test-d.ts[2m > [22mvalidation works with complex multi-adapter graphs[2m > [22mvalidates graph with multiple layers of dependencies
[31m[1mTypeCheckError[22m: Type 'Port<Logger, "Logger"> | Port<Database, "Database"> | Port<UserService, "UserService"> | Port<ConfigService, "Config"> | Port<...> | Port<...>' does not satisfy the constraint '{ [__brand] { 1 "Expected literal string UserService, Actual string" | "Expected literal string Logger, Actual string" | "Expected literal string Database, Actual string" | "Expected literal string Config, Actual string" | "Expected literal string Cache, Actual string" | "Expected literal string E...'.
  Type 'Port<Logger, "Logger">' is not assignable to type '{ [__brand] { 1 "Expected literal string UserService, Actual string" | "Expected literal string Logger, Actual string" | "Expected literal string Database, Actual string" | "Expected literal string Config, Actual string" | "Expected literal string Cache, Actual string" | "Expected literal string E...'.
    The types of '[__brand][1]' are incompatible between these types.
      Type '"Logger"' is not assignable to type '"Expected literal string UserService, Actual string" | "Expected literal string Logger, Actual string" | "Expected literal string Database, Actual string" | "Expected literal string Config, Actual string" | "Expected literal string Cache, Actual string" | "Expected literal string Email, Actual stri...'.[39m
[36m [2m❯[22m tests/validation.test-d.ts:[2m462:7[22m[39m
    [90m460| [39m    [90m// All 6 ports should be provided[39m
    [90m461| [39m    expectTypeOf[33m<[39m[33mProvided[39m[33m>[39m()[33m.[39mtoEqualTypeOf[33m<[39m
    [90m462| [39m      [33m|[39m [33mLoggerPortType[39m
    [90m   | [39m      [31m^[39m
    [90m463| [39m      [33m|[39m [33mConfigPortType[39m
    [90m464| [39m      [33m|[39m [33mDatabasePortType[39m

[31m[2m⎯⎯⎯⎯⎯⎯⎯⎯⎯⎯⎯⎯⎯⎯⎯⎯⎯⎯⎯⎯⎯⎯[65/68]⎯[22m[39m

[41m[1m FAIL [22m[49m tests/validation.test-d.ts[2m > [22mvalidation works with complex multi-adapter graphs[2m > [22mdetects missing deps in complex graph
[31m[1mTypeCheckError[22m: Type 'Port<Database, "Database"> | Port<ConfigService, "Config">' does not satisfy the constraint '"Expected ..., Actual never"'.
  Type 'Port<Database, "Database">' is not assignable to type '"Expected ..., Actual never"'.[39m
[36m [2m❯[22m tests/validation.test-d.ts:[2m490:7[22m[39m
    [90m488| [39m    [90m// Config and Database are missing[39m
    [90m489| [39m    expectTypeOf[33m<[39m[33mUnsatisfied[39m[33m>[39m()[33m.[39mtoEqualTypeOf[33m<[39m
    [90m490| [39m      [33mConfigPortType[39m [33m|[39m [33mDatabasePortType[39m
    [90m   | [39m      [31m^[39m
    [90m491| [39m    [33m>[39m()[33m;[39m
    [90m492| [39m  })[33m;[39m

[31m[2m⎯⎯⎯⎯⎯⎯⎯⎯⎯⎯⎯⎯⎯⎯⎯⎯⎯⎯⎯⎯⎯⎯[66/68]⎯[22m[39m

[41m[1m FAIL [22m[49m tests/validation.test-d.ts[2m > [22mvalidation works with complex multi-adapter graphs[2m > [22mIsSatisfied correctly evaluates complex graph
[31m[1mTypeCheckError[22m: Type 'false' does not satisfy the constraint '"Expected literal boolean false, Actual literal boolean true"'.[39m
[36m [2m❯[22m tests/validation.test-d.ts:[2m518:49[22m[39m
    [90m516| [39m
    [90m517| [39m    expectTypeOf[33m<[39m[33mSatComplete[39m[33m>[39m()[33m.[39mtoEqualTypeOf[33m<[39m[35mtrue[39m[33m>[39m()[33m;[39m
    [90m518| [39m    expectTypeOf[33m<[39m[33mSatIncomplete[39m[33m>[39m()[33m.[39mtoEqualTypeOf[33m<[39m[35mfalse[39m[33m>[39m()[33m;[39m
    [90m   | [39m                                                [31m^[39m
    [90m519| [39m  })[33m;[39m
    [90m520| [39m

[31m[2m⎯⎯⎯⎯⎯⎯⎯⎯⎯⎯⎯⎯⎯⎯⎯⎯⎯⎯⎯⎯⎯⎯[67/68]⎯[22m[39m

[41m[1m FAIL [22m[49m tests/validation.test-d.ts[2m > [22mvalidation works with complex multi-adapter graphs[2m > [22mValidGraph evaluates to error info when unsatisfied
[31m[1mTypeCheckError[22m: Type 'Port<Database, "Database">' does not satisfy the constraint '"Expected ..., Actual unknown"'.[39m
[36m [2m❯[22m tests/validation.test-d.ts:[2m539:45[22m[39m
    [90m537| [39m    [90m// The result should contain information about what's missing[39m
    [90m538| [39m    type [33mIsMissing[39m [33m=[39m [33mResult[39m [35mextends[39m { __missing[33m:[39m infer [33mM[39m } [33m?[39m [33mM[39m [33m:[39m never[33m;[39m
    [90m539| [39m    expectTypeOf[33m<[39m[33mIsMissing[39m[33m>[39m()[33m.[39mtoEqualTypeOf[33m<[39m[33mDatabasePortType[39m[33m>[39m()[33m;[39m
    [90m   | [39m                                            [31m^[39m
    [90m540| [39m  })[33m;[39m
    [90m541| [39m})[33m;[39m

[31m[2m⎯⎯⎯⎯⎯⎯⎯⎯⎯⎯⎯⎯⎯⎯⎯⎯⎯⎯⎯⎯⎯⎯[68/68]⎯[22m[39m

[31m⎯⎯⎯⎯⎯⎯[39m[1m[41m Unhandled Errors [49m[22m[31m⎯⎯⎯⎯⎯⎯[39m
[31m[1m
Vitest caught 4 unhandled errors during the test run.
This might cause false positive tests. Resolve unhandled errors to make sure your tests are not affected.[22m[39m

[31m⎯⎯⎯[39m[1m[41m Unhandled Source Error [49m[22m[31m⎯⎯⎯[39m
[31m[1mTypeCheckError[22m: Type 'Port<Database, "Database">' does not satisfy the constraint '{ [__brand] { 1 "Expected literal string Database, Actual string"; 0 "Expected ..., Actual unknown"; }; __portName "Expected literal string Database, Actual string"; }'.
  The types of '[__brand][1]' are incompatible between these types.
    Type '"Database"' is not assignable to type '"Expected literal string Database, Actual string"'.[39m
[36m [2m❯[22m tests/exports.test.ts:[2m144:51[22m[39m
    [90m142| [39m      type [33mGraphRequires[39m [33m=[39m [33mInferGraphRequires[39m[33m<[39m[35mtypeof[39m builder[33m>[39m[33m;[39m
    [90m143| [39m
    [90m144| [39m      expectTypeOf<GraphProvides>().toEqualTypeOf<typeof DatabasePort>…
    [90m   | [39m                                                  [31m^[39m
    [90m145| [39m      expectTypeOf[33m<[39m[33mGraphRequires[39m[33m>[39m()[33m.[39mtoEqualTypeOf[33m<[39m[35mtypeof[39m [33mLoggerPort[39m[33m>[39m()[33m;[39m
    [90m146| [39m


[31m⎯⎯⎯[39m[1m[41m Unhandled Source Error [49m[22m[31m⎯⎯⎯[39m
[31m[1mTypeCheckError[22m: Type 'Port<Logger, "Logger">' does not satisfy the constraint '{ [__brand] { 1 "Expected literal string Logger, Actual string"; 0 "Expected ..., Actual unknown"; }; __portName "Expected literal string Logger, Actual string"; }'.
  The types of '[__brand][1]' are incompatible between these types.
    Type '"Logger"' is not assignable to type '"Expected literal string Logger, Actual string"'.[39m
[36m [2m❯[22m tests/integration.test.ts:[2m150:51[22m[39m
    [90m148| [39m    [35mconst[39m builder [33m=[39m [33mGraphBuilder[39m[33m.[39m[34mcreate[39m()[33m.[39m[34mprovide[39m(adapter)[33m;[39m
    [90m149| [39m    type [33mBuilderProvides[39m [33m=[39m [33mInferGraphProvides[39m[33m<[39m[35mtypeof[39m builder[33m>[39m[33m;[39m
    [90m150| [39m    expectTypeOf[33m<[39m[33mBuilderProvides[39m[33m>[39m()[33m.[39mtoEqualTypeOf[33m<[39m[35mtypeof[39m [33mLoggerPort[39m[33m>[39m()[33m;[39m
    [90m   | [39m                                                  [31m^[39m
    [90m151| [39m
    [90m152| [39m    [35mconst[39m graph [33m=[39m builder[33m.[39m[34mbuild[39m()[33m;[39m


[31m⎯⎯⎯[39m[1m[41m Unhandled Source Error [49m[22m[31m⎯⎯⎯[39m
[31m[1mTypeCheckError[22m: Type 'Port<Logger, "Logger">' does not satisfy the constraint '{ [__brand] { 1 "Expected literal string Logger, Actual string"; 0 "Expected ..., Actual unknown"; }; __portName "Expected literal string Logger, Actual string"; }'.
  The types of '[__brand][1]' are incompatible between these types.
    Type '"Logger"' is not assignable to type '"Expected literal string Logger, Actual string"'.[39m
[36m [2m❯[22m tests/integration.test.ts:[2m829:44[22m[39m
    [90m827| [39m    type [33mRequires[39m [33m=[39m [33mInferGraphRequires[39m[33m<[39m[35mtypeof[39m builder[33m>[39m[33m;[39m
    [90m828| [39m
    [90m829| [39m    expectTypeOf[33m<[39m[33mProvides[39m[33m>[39m()[33m.[39mtoEqualTypeOf[33m<[39m[35mtypeof[39m [33mLoggerPort[39m[33m>[39m()[33m;[39m
    [90m   | [39m                                           [31m^[39m
    [90m830| [39m    expectTypeOf[33m<[39m[33mRequires[39m[33m>[39m()[33m.[39mtoEqualTypeOf[33m<[39m[35mtypeof[39m [33mLoggerPort[39m[33m>[39m()[33m;[39m
    [90m831| [39m


[31m⎯⎯⎯[39m[1m[41m Unhandled Source Error [49m[22m[31m⎯⎯⎯[39m
[31m[1mTypeCheckError[22m: Type 'Port<ServiceA, "A"> | Port<ServiceB, "B">' does not satisfy the constraint '{ [__brand] { 1 "Expected literal string A, Actual string" | "Expected literal string B, Actual string"; 0 "Expected ..., Actual unknown"; }; __portName "Expected literal string A, Actual string" | "Expected literal string B, Actual string"; }'.
  Type 'Port<ServiceA, "A">' is not assignable to type '{ [__brand] { 1 "Expected literal string A, Actual string" | "Expected literal string B, Actual string"; 0 "Expected ..., Actual unknown"; }; __portName "Expected literal string A, Actual string" | "Expected literal string B, Actual string"; }'.
    The types of '[__brand][1]' are incompatible between these types.
      Type '"A"' is not assignable to type '"Expected literal string A, Actual string" | "Expected literal string B, Actual string"'.[39m
[36m [2m❯[22m tests/integration.test.ts:[2m875:44[22m[39m
    [90m873| [39m    type [33mRequires[39m [33m=[39m [33mInferGraphRequires[39m[33m<[39m[35mtypeof[39m builder[33m>[39m[33m;[39m
    [90m874| [39m
    [90m875| [39m    expectTypeOf<Provides>().toEqualTypeOf<typeof PortA | typeof PortB…
    [90m   | [39m                                           [31m^[39m
    [90m876| [39m    expectTypeOf<Requires>().toEqualTypeOf<typeof PortA | typeof PortB…
    [90m877| [39m

[31m⎯⎯⎯⎯⎯⎯⎯⎯⎯⎯⎯⎯⎯⎯⎯⎯⎯⎯⎯⎯⎯⎯⎯⎯⎯⎯⎯⎯⎯⎯[39m


[2m Test Files [22m [1m[31m7 failed[39m[22m[2m | [22m[1m[32m8 passed[39m[22m[90m (15)[39m
[2m      Tests [22m [1m[31m42 failed[39m[22m[2m | [22m[1m[32m233 passed[39m[22m[90m (275)[39m
[2mType Errors [22m [1m[31m42 failed[39m[22m
[2m     Errors [22m [1m[31m4 errors[39m[22m
[2m   Start at [22m 21:23:27
[2m   Duration [22m 460ms[2m (transform 277ms, setup 0ms, import 346ms, tests 19ms, environment 0ms, typecheck 268ms)[22m

/Users/mohammadalmechkor/Projects/hex-di/packages/graph:
 ERR_PNPM_RECURSIVE_RUN_FIRST_FAIL  @hex-di/graph@0.1.0 test: `vitest run`
Exit status 1
