// Vitest Snapshot v1, https://vitest.dev/guide/snapshot.html

exports[`snapshot testing with graph modifications > serializes overridden graph for comparison 1`] = `
{
  "adapters": [
    {
      "lifetime": "singleton",
      "port": "Database",
      "requires": [
        "Logger",
      ],
    },
    {
      "lifetime": "transient",
      "port": "EmailService",
      "requires": [
        "Logger",
      ],
    },
    {
      "lifetime": "transient",
      "port": "Logger",
      "requires": [],
    },
    {
      "lifetime": "transient",
      "port": "UserRepository",
      "requires": [
        "Database",
        "Logger",
      ],
    },
    {
      "lifetime": "transient",
      "port": "UserService",
      "requires": [
        "EmailService",
        "Logger",
        "UserRepository",
      ],
    },
  ],
}
`;
